Microchip MPLAB XC8 Compiler V2.10 ()

Linker command line:

-W-3 --edf=C:\Program Files (x86)\Microchip\xc8\v2.10\pic\dat\en_msgs.txt \
  -cs -h+dist/default/production\SPARC1.X.production.sym \
  --cmf=dist/default/production\SPARC1.X.production.cmf -z -Q18F4550 \
  -oC:\Users\Rulo\AppData\Local\Temp\so9s.2 --defsym=__MPLAB_BUILD=1 \
  -Mdist/default/production/SPARC1.X.production.map -E1 -ver=XC8 \
  --acfsm=1493 -ASTACK=0139h-07FFh -pstack=STACK -ACODE=00h-07FFFh \
  -ACONST=00h-07FFFh -ASMALLCONST=0800h-08FFhx120 \
  -AMEDIUMCONST=0800h-07FFFh -ACOMRAM=01h-05Fh -AABS1=00h-07FFh \
  -ABIGRAM=01h-07FFh -ARAM=060h-0FFh,0100h-01FFhx7 -ABANK0=060h-0FFh \
  -ABANK1=0100h-01FFh -ABANK2=0200h-02FFh -ABANK3=0300h-03FFh \
  -ABANK4=0400h-04FFh -ABANK5=0500h-05FFh -ABANK6=0600h-06FFh \
  -ABANK7=0700h-07FFh -ASFR=0F60h-0FFFh \
  -preset_vec=00h,intcode=08h,intcodelo,powerup,init -pramtop=0800h \
  -psmallconst=SMALLCONST -pmediumconst=MEDIUMCONST -pconst=CONST \
  -AFARRAM=00h-00h -ACONFIG=0300000h-030000Dh -pconfig=CONFIG \
  -AIDLOC=0200000h-0200007h -pidloc=IDLOC -AEEDATA=0F00000h-0F000FFh \
  -peeprom_data=EEDATA \
  -prdata=COMRAM,nvrram=COMRAM,nvbit=COMRAM,rbss=COMRAM,rbit=COMRAM \
  -pfarbss=FARRAM,fardata=FARRAM,nvFARRAM=FARRAM \
  -pintsave_regs=BIGRAM,bigbss=BIGRAM,bigdata=BIGRAM -pbss=RAM \
  -pidata=CODE,irdata=CODE,ibigdata=CODE,ifardata=CODE -prparam=COMRAM \
  C:\Users\Rulo\AppData\Local\Temp\so9s.o \
  dist/default/production\SPARC1.X.production.o 

Object code version is 3.11

Machine type is 18F4550

Call graph: (short form)




                Name                               Link     Load   Length Selector   Space Scale
C:\Users\Rulo\AppData\Local\Temp\so9s.o
                init                                  E        E        4        4       0
                reset_vec                             0        0        4        0       0
                idloc                            200000   200000        8   200000       0
                config                           300000   300000        E   300000       0
dist/default/production\SPARC1.X.production.o
                intcode                               8        8        6        4       0
                temp                                 53       53        1        1       1
                text25                             10B2     10B2       16      84E       0
                text24                              FBE      FBE       36      7C4       0
                text23                              D24      D24       6E        4       0
                intcode_body                        BBE      BBE       80        4       0
                text21                              6CE      6CE      10C        4       0
                text20                              CB4      CB4       70        4       0
                text19                             10DC     10DC       12      84E       0
                text18                             109C     109C       16      84E       0
                text17                              F88      F88       36      7C4       0
                text16                              E76      E76       4C        4       0
                text15                              E2A      E2A       4C        4       0
                text14                              DDE      DDE       4C        4       0
                text13                             101C     101C       26      7C4       0
                text12                             10C8     10C8       14      84E       0
                text11                             1066     1066       1E      7C4       0
                text10                              B3C      B3C       82        4       0
                text9                               9BC      9BC       E6        4       0
                text8                               8D6      8D6       E6        4       0
                text7                               D92      D92       4C        4       0
                text6                               F08      F08       46        4       0
                text5                               EC2      EC2       46        4       0
                text4                                12       12      6BC        4       0
                text3                               FF4      FF4       28      7C4       0
                text2                              10EE     10EE       10      84E       0
                text1                              1042     1042       24      7C4       0
                text0                               7DA      7DA       FC        4       0
                cstackCOMRAM                          1        1       2C        1       1
                dataBANK1                           100      100       39      100       1
                dataBANK0                            60       60       9A       60       1
                dataCOMRAM                           2D       2D       17        1       1
                bssCOMRAM                            44       44        F        1       1
                cinit                               C3E      C3E       76        4       0
                idataBANK1                          F4E      F4E       39        4       0
                idataBANK0                          AA2      AA2       9A        4       0
                idataCOMRAM                        1084     1084       17      7C4       0

TOTAL           Name                               Link     Load   Length     Space
        CLASS   STACK          

        CLASS   CODE           
                intcode                               8        8        6         0
                init                                  E        E        4         0
                reset_vec                             0        0        4         0
                text25                             10B2     10B2       16         0
                text24                              FBE      FBE       36         0
                text23                              D24      D24       6E         0
                intcode_body                        BBE      BBE       80         0
                text21                              6CE      6CE      10C         0
                text20                              CB4      CB4       70         0
                text19                             10DC     10DC       12         0
                text18                             109C     109C       16         0
                text17                              F88      F88       36         0
                text16                              E76      E76       4C         0
                text15                              E2A      E2A       4C         0
                text14                              DDE      DDE       4C         0
                text13                             101C     101C       26         0
                text12                             10C8     10C8       14         0
                text11                             1066     1066       1E         0
                text10                              B3C      B3C       82         0
                text9                               9BC      9BC       E6         0
                text8                               8D6      8D6       E6         0
                text7                               D92      D92       4C         0
                text6                               F08      F08       46         0
                text5                               EC2      EC2       46         0
                text4                                12       12      6BC         0
                text3                               FF4      FF4       28         0
                text2                              10EE     10EE       10         0
                text1                              1042     1042       24         0
                text0                               7DA      7DA       FC         0
                cinit                               C3E      C3E       76         0
                idataBANK1                          F4E      F4E       39         0
                idataBANK0                          AA2      AA2       9A         0
                idataCOMRAM                        1084     1084       17         0

        CLASS   CONST          

        CLASS   SMALLCONST     

        CLASS   MEDIUMCONST    

        CLASS   COMRAM         
                temp                                 53       53        1         1
                cstackCOMRAM                          1        1       2C         1
                dataCOMRAM                           2D       2D       17         1
                bssCOMRAM                            44       44        F         1

        CLASS   ABS1           

        CLASS   BIGRAM         

        CLASS   RAM            

        CLASS   BANK0          
                dataBANK0                            60       60       9A         1

        CLASS   BANK1          
                dataBANK1                           100      100       39         1

        CLASS   BANK2          

        CLASS   BANK3          

        CLASS   BANK4          

        CLASS   BANK5          

        CLASS   BANK6          

        CLASS   BANK7          

        CLASS   SFR            

        CLASS   FARRAM         

        CLASS   CONFIG         
                config                           300000   300000        E         0

        CLASS   IDLOC          
                idloc                            200000   200000        8         0

        CLASS   EEDATA         



SEGMENTS        Name                           Load    Length   Top    Selector   Space  Class

                reset_vec                      000000  000004  000004         0       0  CODE    
                cstackCOMRAM                   000001  000053  000054         1       1  COMRAM  
                intcode                        000008  000F7F  000F87         4       0  CODE    
                dataBANK0                      000060  00009A  0000FA        60       1  BANK0   
                dataBANK1                      000100  000039  000139       100       1  BANK1   
                text17                         000F88  000113  00109B       7C4       0  CODE    
                text18                         00109C  000062  0010FE       84E       0  CODE    
                idloc                          200000  000008  200008    200000       0  IDLOC   
                config                         300000  00000E  30000E    300000       0  CONFIG  


UNUSED ADDRESS RANGES

        Name                Unused          Largest block    Delta
        BANK0            0000FA-0000FF                6
        BANK1            000139-0001FF               C7
        BANK2            000200-0002FF              100
        BANK3            000300-0003FF              100
        BANK4            000400-0004FF              100
        BANK5            000500-0005FF              100
        BANK6            000600-0006FF              100
        BANK7            000700-0007FF              100
        BIGRAM           000054-00005F                C
                         0000FA-0000FF                6
                         000139-0007FF              6C7
        CODE             000004-000007                4
                         000F87-000F87                1
                         00109B-00109B                1
                         0010FE-007FFF             6F02
        COMRAM           000054-00005F                C
        CONST            000004-000007                4
                         000F87-000F87                1
                         00109B-00109B                1
                         0010FE-007FFF             6F02
        EEDATA           F00000-F000FF              100
        MEDIUMCONST      000F87-000F87                1
                         00109B-00109B                1
                         0010FE-007FFF             6F02
        RAM              0000FA-0000FF                6
                         000139-0007FF              100
        SFR              000F60-000FFF               A0
        SMALLCONST       000F87-000F87                1
                         00109B-00109B                1
                         0010FE-007FFF              100
        STACK            000139-0007FF              6C7

                                  Symbol Table

?___aldiv                    cstackCOMRAM 00000C
?___wmul                     cstackCOMRAM 00000C
?_strlen                     cstackCOMRAM 00000C
?i2_strlen                   cstackCOMRAM 000001
Complete@i                   cstackCOMRAM 000010
Error@i                      cstackCOMRAM 000010
Executing@i                  cstackCOMRAM 000010
INT_isr@i                    cstackCOMRAM 00000A
USART_Init@BAUD              cstackCOMRAM 00001A
USART_Tx@data                cstackCOMRAM 00000C
_CCP1CON                     (abs)        000FBD
_CCP2CON                     (abs)        000FBA
_CCPR1L                      (abs)        000FBE
_CCPR2L                      (abs)        000FBB
_CE                          dataBANK1    000100
_CMCON                       (abs)        000FB4
_Complete                    text16       000E76
_Error                       text15       000E2A
_Executing                   text14       000DDE
_INTCON2bits                 (abs)        000FF1
_INTCON3bits                 (abs)        000FF0
_INTCONbits                  (abs)        000FF2
_INT_isr                     intcode      000008
_LATB                        (abs)        000F8A
_LATC                        (abs)        000F8B
_LATD                        (abs)        000F8C
_OSCCON                      (abs)        000FD3
_PIR1bits                    (abs)        000F9E
_PORTB                       (abs)        000F81
_PORTBbits                   (abs)        000F81
_PORTC                       (abs)        000F82
_PORTCbits                   (abs)        000F82
_PORTD                       (abs)        000F83
_PORTDbits                   (abs)        000F83
_PR2                         (abs)        000FCB
_RCIF                        (abs)        007CF5
_RCONbits                    (abs)        000FD0
_RCREG                       (abs)        000FAE
_RCSTAbits                   (abs)        000FAB
_SPBRG                       (abs)        000FAF
_T2CON                       (abs)        000FCA
_T2CONbits                   (abs)        000FCA
_TMR2                        (abs)        000FCC
_TRISB                       (abs)        000F93
_TRISCbits                   (abs)        000F94
_TRISD                       (abs)        000F95
_TXREG                       (abs)        000FAD
_TXSTAbits                   (abs)        000FAC
_USART_Init                  text20       000CB4
_USART_Init$1769             cstackCOMRAM 00001E
_USART_Rx                    text19       0010DC
_USART_Tx                    text18       00109C
__CFG_FOSC$INTOSC_HS         (abs)        000000
__CFG_LVP$OFF                (abs)        000000
__CFG_MCLRE$OFF              (abs)        000000
__CFG_PBADEN$OFF             (abs)        000000
__CFG_WDT$OFF                (abs)        000000
__HRAM                       (abs)        000000
__Habs1                      abs1         000000
__Hbank0                     bank0        000000
__Hbank1                     bank1        000000
__Hbank2                     bank2        000000
__Hbank3                     bank3        000000
__Hbank4                     bank4        000000
__Hbank5                     bank5        000000
__Hbank6                     bank6        000000
__Hbank7                     bank7        000000
__Hbigbss                    bigbss       000000
__Hbigdata                   bigdata      000000
__Hbigram                    bigram       000000
__Hbss                       bss          000000
__HbssCOMRAM                 bssCOMRAM    000000
__Hcinit                     cinit        000000
__Hclrtext                   clrtext      000000
__Hcomram                    comram       000000
__Hconfig                    config       30000E
__Hconst                     const        000000
__HcstackCOMRAM              cstackCOMRAM 000000
__Hdata                      data         000000
__HdataBANK0                 dataBANK0    000000
__HdataBANK1                 dataBANK1    000000
__HdataCOMRAM                dataCOMRAM   000000
__Heeprom_data               eeprom_data  000000
__Hfarbss                    farbss       000000
__Hfardata                   fardata      000000
__Hibigdata                  ibigdata     000000
__Hidata                     idata        000000
__HidataBANK0                idataBANK0   000000
__HidataBANK1                idataBANK1   000000
__HidataCOMRAM               idataCOMRAM  000000
__Hidloc                     idloc        200008
__Hifardata                  ifardata     000000
__Hinit                      init         000012
__Hintcode                   intcode      00000E
__Hintcode_body              intcode_body 000000
__Hintcodelo                 intcodelo    00000E
__Hintentry                  intentry     000000
__Hintret                    intret       000000
__Hintsave_regs              intsave_regs 000000
__Hirdata                    irdata       000000
__Hmediumconst               mediumconst  000000
__HnvFARRAM                  nvFARRAM     000000
__Hnvbit                     nvbit        000000
__Hnvrram                    nvrram       000000
__Hparam                     rparam       000000
__Hpowerup                   powerup      00000E
__Hram                       ram          000000
__Hramtop                    ramtop       000800
__Hrbit                      rbit         000000
__Hrbss                      rbss         000000
__Hrdata                     rdata        000000
__Hreset_vec                 reset_vec    000004
__Hrparam                    rparam       000000
__Hsfr                       sfr          000000
__Hsmallconst                smallconst   000000
__Hspace_0                   (abs)        30000E
__Hspace_1                   (abs)        000139
__Hspace_2                   (abs)        000000
__Hstack                     stack        000000
__Hstruct                    struct       000000
__Htemp                      temp         000054
__Htext                      text         000000
__Htext0                     text0        000000
__Htext1                     text1        000000
__Htext10                    text10       000000
__Htext11                    text11       000000
__Htext12                    text12       000000
__Htext13                    text13       000000
__Htext14                    text14       000000
__Htext15                    text15       000000
__Htext16                    text16       000000
__Htext17                    text17       000000
__Htext18                    text18       000000
__Htext19                    text19       000000
__Htext2                     text2        000000
__Htext20                    text20       000000
__Htext21                    text21       000000
__Htext23                    text23       000000
__Htext24                    text24       000000
__Htext25                    text25       000000
__Htext3                     text3        000000
__Htext4                     text4        000000
__Htext5                     text5        000000
__Htext6                     text6        000000
__Htext7                     text7        000000
__Htext8                     text8        000000
__Htext9                     text9        000000
__LRAM                       (abs)        000001
__Labs1                      abs1         000000
__Lbank0                     bank0        000000
__Lbank1                     bank1        000000
__Lbank2                     bank2        000000
__Lbank3                     bank3        000000
__Lbank4                     bank4        000000
__Lbank5                     bank5        000000
__Lbank6                     bank6        000000
__Lbank7                     bank7        000000
__Lbigbss                    bigbss       000000
__Lbigdata                   bigdata      000000
__Lbigram                    bigram       000000
__Lbss                       bss          000000
__LbssCOMRAM                 bssCOMRAM    000000
__Lcinit                     cinit        000000
__Lclrtext                   clrtext      000000
__Lcomram                    comram       000000
__Lconfig                    config       300000
__Lconst                     const        000000
__LcstackCOMRAM              cstackCOMRAM 000000
__Ldata                      data         000000
__LdataBANK0                 dataBANK0    000000
__LdataBANK1                 dataBANK1    000000
__LdataCOMRAM                dataCOMRAM   000000
__Leeprom_data               eeprom_data  000000
__Lfarbss                    farbss       000000
__Lfardata                   fardata      000000
__Libigdata                  ibigdata     000000
__Lidata                     idata        000000
__LidataBANK0                idataBANK0   000000
__LidataBANK1                idataBANK1   000000
__LidataCOMRAM               idataCOMRAM  000000
__Lidloc                     idloc        200000
__Lifardata                  ifardata     000000
__Linit                      init         00000E
__Lintcode                   intcode      000008
__Lintcode_body              intcode_body 000000
__Lintcodelo                 intcodelo    00000E
__Lintentry                  intentry     000000
__Lintret                    intret       000000
__Lintsave_regs              intsave_regs 000000
__Lirdata                    irdata       000000
__Lmediumconst               mediumconst  000000
__LnvFARRAM                  nvFARRAM     000000
__Lnvbit                     nvbit        000000
__Lnvrram                    nvrram       000000
__Lparam                     rparam       000000
__Lpowerup                   powerup      00000E
__Lram                       ram          000000
__Lramtop                    ramtop       000800
__Lrbit                      rbit         000000
__Lrbss                      rbss         000000
__Lrdata                     rdata        000000
__Lreset_vec                 reset_vec    000000
__Lrparam                    rparam       000000
__Lsfr                       sfr          000000
__Lsmallconst                smallconst   000000
__Lspace_0                   (abs)        000000
__Lspace_1                   (abs)        000000
__Lspace_2                   (abs)        000000
__Lstack                     stack        000000
__Lstruct                    struct       000000
__Ltemp                      temp         000053
__Ltext                      text         000000
__Ltext0                     text0        000000
__Ltext1                     text1        000000
__Ltext10                    text10       000000
__Ltext11                    text11       000000
__Ltext12                    text12       000000
__Ltext13                    text13       000000
__Ltext14                    text14       000000
__Ltext15                    text15       000000
__Ltext16                    text16       000000
__Ltext17                    text17       000000
__Ltext18                    text18       000000
__Ltext19                    text19       000000
__Ltext2                     text2        000000
__Ltext20                    text20       000000
__Ltext21                    text21       000000
__Ltext23                    text23       000000
__Ltext24                    text24       000000
__Ltext25                    text25       000000
__Ltext3                     text3        000000
__Ltext4                     text4        000000
__Ltext5                     text5        000000
__Ltext6                     text6        000000
__Ltext7                     text7        000000
__Ltext8                     text8        000000
__Ltext9                     text9        000000
__S0                         (abs)        30000E
__S1                         (abs)        000139
__S2                         (abs)        000000
___aldiv                     text21       0006CE
___aldiv@counter             cstackCOMRAM 000014
___aldiv@dividend            cstackCOMRAM 00000C
___aldiv@divisor             cstackCOMRAM 000010
___aldiv@quotient            cstackCOMRAM 000016
___aldiv@sign                cstackCOMRAM 000015
___inthi_sp                  stack        000000
___intlo_sp                  stack        000000
___param_bank                (abs)        000000
___rparam_used               (abs)        000001
___sp                        stack        000000
___wmul                      text13       00101C
___wmul@multiplicand         cstackCOMRAM 00000E
___wmul@multiplier           cstackCOMRAM 00000C
___wmul@product              cstackCOMRAM 000010
__accesstop                  (abs)        000060
__activetblptr               (abs)        000000
__end_of_Complete            text16       000EC2
__end_of_Error               text15       000E76
__end_of_Executing           text14       000E2A
__end_of_INT_isr             intcode_body 000C3E
__end_of_USART_Init          text20       000D24
__end_of_USART_Rx            text19       0010EE
__end_of_USART_Tx            text18       0010B2
__end_of___aldiv             text21       0007DA
__end_of___wmul              text13       001042
__end_of__initialization     cinit        000CAA
__end_of_clearOneShot        text12       0010DC
__end_of_commands            text4        0006CE
__end_of_coordinateRefreshX  text9        000AA2
__end_of_coordinateRefreshY  text8        0009BC
__end_of_emergencyButton     text23       000D92
__end_of_gpioInit            text3        00101C
__end_of_interruptionsInit   text2        0010FE
__end_of_invalidCoordinate   text7        000DDE
__end_of_main                text0        0008D6
__end_of_oneShot             text11       001084
__end_of_pulseCounter        text10       000BBE
__end_of_pwm_init            text1        001066
__end_of_strlen              text17       000FBE
__end_of_xLimit              text6        000F4E
__end_of_yLimit              text5        000F08
__end_ofi2_USART_Tx          text25       0010C8
__end_ofi2_strlen            text24       000FF4
__initialization             cinit        000C3E
__mediumconst                mediumconst  000000
__pbssCOMRAM                 bssCOMRAM    000044
__pcinit                     cinit        000C3E
__pcstackCOMRAM              cstackCOMRAM 000001
__pdataBANK0                 dataBANK0    000060
__pdataBANK1                 dataBANK1    000100
__pdataCOMRAM                dataCOMRAM   00002D
__pidataBANK0                idataBANK0   000AA2
__pidataBANK1                idataBANK1   000F4E
__pidataCOMRAM               idataCOMRAM  001084
__pintcode                   intcode      000008
__pintcode_body              intcode_body 000BBE
__ptext0                     text0        0007DA
__ptext1                     text1        001042
__ptext10                    text10       000B3C
__ptext11                    text11       001066
__ptext12                    text12       0010C8
__ptext13                    text13       00101C
__ptext14                    text14       000DDE
__ptext15                    text15       000E2A
__ptext16                    text16       000E76
__ptext17                    text17       000F88
__ptext18                    text18       00109C
__ptext19                    text19       0010DC
__ptext2                     text2        0010EE
__ptext20                    text20       000CB4
__ptext21                    text21       0006CE
__ptext23                    text23       000D24
__ptext24                    text24       000FBE
__ptext25                    text25       0010B2
__ptext3                     text3        000FF4
__ptext4                     text4        000012
__ptext5                     text5        000EC2
__ptext6                     text6        000F08
__ptext7                     text7        000D92
__ptext8                     text8        0008D6
__ptext9                     text9        0009BC
__ramtop                     ramtop       000800
__size_of_Complete           (abs)        000000
__size_of_Error              (abs)        000000
__size_of_Executing          (abs)        000000
__size_of_INT_isr            (abs)        000000
__size_of_USART_Init         (abs)        000000
__size_of_USART_Rx           (abs)        000000
__size_of_USART_Tx           (abs)        000000
__size_of___aldiv            (abs)        000000
__size_of___wmul             (abs)        000000
__size_of_clearOneShot       (abs)        000000
__size_of_commands           (abs)        000000
__size_of_coordinateRefreshX (abs)        000000
__size_of_coordinateRefreshY (abs)        000000
__size_of_emergencyButton    (abs)        000000
__size_of_gpioInit           (abs)        000000
__size_of_interruptionsInit  (abs)        000000
__size_of_invalidCoordinate  (abs)        000000
__size_of_main               (abs)        000000
__size_of_oneShot            (abs)        000000
__size_of_pulseCounter       (abs)        000000
__size_of_pwm_init           (abs)        000000
__size_of_strlen             (abs)        000000
__size_of_xLimit             (abs)        000000
__size_of_yLimit             (abs)        000000
__size_ofi2_USART_Tx         (abs)        000000
__size_ofi2_strlen           (abs)        000000
__smallconst                 smallconst   000000
_check                       dataBANK0    00007A
_clearOneShot                text12       0010C8
_cnt                         bssCOMRAM    000044
_commands                    text4        000012
_coordinateRefreshX          text9        0009BC
_coordinateRefreshY          text8        0008D6
_emergency                   dataBANK0    000060
_emergencyButton             text23       000D24
_emergencySwitch             bssCOMRAM    000046
_gpioInit                    text3        000FF4
_interruptionsInit           text2        0010EE
_invalidCoordinate           text7        000D92
_keepgoing                   bssCOMRAM    000048
_main                        text0        0007DA
_msdown                      dataBANK0    0000ED
_msgcomp                     dataBANK0    000091
_msgeje                      dataBANK0    0000A8
_msgwrong                    dataBANK1    00011E
_msleft                      dataCOMRAM   00002D
_msright                     dataBANK0    0000E0
_msup                        dataCOMRAM   000039
_nvalorx                     bssCOMRAM    000050
_nvalory                     bssCOMRAM    00004E
_oneShot                     text11       001066
_ons                         bssCOMRAM    000052
_pulseCounter                text10       000B3C
_pwm_init                    text1        001042
_strlen                      text17       000F88
_x                           bssCOMRAM    00004C
_xLimit                      text6        000F08
_xl                          dataBANK0    0000CF
_y                           bssCOMRAM    00004A
_yLimit                      text5        000EC2
_yl                          dataBANK0    0000BE
btemp                        temp         000053
commands@comando             cstackCOMRAM 00001B
coordinateRefreshX@i         cstackCOMRAM 000017
coordinateRefreshX@j         cstackCOMRAM 000019
coordinateRefreshX@newX      cstackCOMRAM 000015
coordinateRefreshY@i         cstackCOMRAM 000017
coordinateRefreshY@j         cstackCOMRAM 000019
coordinateRefreshY@newY      cstackCOMRAM 000015
emergencyButton@i            cstackCOMRAM 000005
end_of_initialization        cinit        000CAA
i2USART_Tx@data              cstackCOMRAM 000001
i2_USART_Tx                  text25       0010B2
i2_strlen                    text24       000FBE
i2strlen@a                   cstackCOMRAM 000003
i2strlen@s                   cstackCOMRAM 000001
int$flags                    temp         000053
int_func                     intcode_body 000BBE
intlevel0                    text         000000
intlevel1                    text         000000
intlevel2                    text         000000
intlevel3                    text         000000
invalidCoordinate@i          cstackCOMRAM 000010
main@contador                cstackCOMRAM 00002C
main@i                       cstackCOMRAM 00002A
main@instruccion             cstackCOMRAM 000022
pulseCounter@pulsoD          cstackCOMRAM 000012
stackhi                      (abs)        0007FF
stacklo                      (abs)        000139
start                        init         00000E
start_initialization         cinit        000C3E
strlen@a                     cstackCOMRAM 00000E
strlen@s                     cstackCOMRAM 00000C
ttemp5                       temp         000054
ttemp6                       temp         000057
ttemp7                       temp         00005B
wtemp8                       temp         000054
xLimit@i                     cstackCOMRAM 000010
yLimit@i                     cstackCOMRAM 000010


FUNCTION INFORMATION:

 *************** function _main *****************
 Defined at:
		line 35 in file "MAINSPARC.c"
 Parameters:    Size  Location     Type
		None
 Auto vars:     Size  Location     Type
  i               2   41[COMRAM] int 
  contador        1   43[COMRAM] unsigned char 
  instruccion     8   33[COMRAM] unsigned char [8]
 Return value:  Size  Location     Type
                  1    wreg      void 
 Registers used:
		wreg, fsr2l, fsr2h, status,2, status,0, prodl, prodh, cstack
 Tracked objects:
		On entry : 
		On exit  : 
		Unchanged: 
 Data sizes:     COMRAM   BANK0   BANK1   BANK2   BANK3   BANK4   BANK5   BANK6   BANK7
      Params:         0       0       0       0       0       0       0       0       0
      Locals:        11       0       0       0       0       0       0       0       0
      Temps:          0       0       0       0       0       0       0       0       0
      Totals:        11       0       0       0       0       0       0       0       0
Total ram usage:       11 bytes
 Hardware stack levels required when called:    7
 This function calls:
		_Complete
		_USART_Init
		_USART_Rx
		_USART_Tx
		_commands
		_gpioInit
		_interruptionsInit
		_pwm_init
		_xLimit
		_yLimit
 This function is called by:
		Startup code after reset
 This function uses a non-reentrant model


 *************** function _pwm_init *****************
 Defined at:
		line 23 in file "pwm.c"
 Parameters:    Size  Location     Type
		None
 Auto vars:     Size  Location     Type
		None
 Return value:  Size  Location     Type
                  1    wreg      void 
 Registers used:
		wreg, status,2
 Tracked objects:
		On entry : 
		On exit  : 
		Unchanged: 
 Data sizes:     COMRAM   BANK0   BANK1   BANK2   BANK3   BANK4   BANK5   BANK6   BANK7
      Params:         0       0       0       0       0       0       0       0       0
      Locals:         0       0       0       0       0       0       0       0       0
      Temps:          0       0       0       0       0       0       0       0       0
      Totals:         0       0       0       0       0       0       0       0       0
Total ram usage:        0 bytes
 Hardware stack levels used:    1
 Hardware stack levels required when called:    3
 This function calls:
		Nothing
 This function is called by:
		_main
 This function uses a non-reentrant model


 *************** function _interruptionsInit *****************
 Defined at:
		line 10 in file "Interruptions.c"
 Parameters:    Size  Location     Type
		None
 Auto vars:     Size  Location     Type
		None
 Return value:  Size  Location     Type
                  1    wreg      void 
 Registers used:
		None
 Tracked objects:
		On entry : 
		On exit  : 
		Unchanged: 
 Data sizes:     COMRAM   BANK0   BANK1   BANK2   BANK3   BANK4   BANK5   BANK6   BANK7
      Params:         0       0       0       0       0       0       0       0       0
      Locals:         0       0       0       0       0       0       0       0       0
      Temps:          0       0       0       0       0       0       0       0       0
      Totals:         0       0       0       0       0       0       0       0       0
Total ram usage:        0 bytes
 Hardware stack levels used:    1
 Hardware stack levels required when called:    3
 This function calls:
		Nothing
 This function is called by:
		_main
 This function uses a non-reentrant model


 *************** function _gpioInit *****************
 Defined at:
		line 2 in file "GPIO.c"
 Parameters:    Size  Location     Type
		None
 Auto vars:     Size  Location     Type
		None
 Return value:  Size  Location     Type
                  1    wreg      void 
 Registers used:
		wreg, status,2
 Tracked objects:
		On entry : 
		On exit  : 
		Unchanged: 
 Data sizes:     COMRAM   BANK0   BANK1   BANK2   BANK3   BANK4   BANK5   BANK6   BANK7
      Params:         0       0       0       0       0       0       0       0       0
      Locals:         0       0       0       0       0       0       0       0       0
      Temps:          0       0       0       0       0       0       0       0       0
      Totals:         0       0       0       0       0       0       0       0       0
Total ram usage:        0 bytes
 Hardware stack levels used:    1
 Hardware stack levels required when called:    3
 This function calls:
		Nothing
 This function is called by:
		_main
 This function uses a non-reentrant model


 *************** function _commands *****************
 Defined at:
		line 116 in file "Comandos.c"
 Parameters:    Size  Location     Type
  comando         2   26[COMRAM] PTR unsigned char 
		 -> main@instruccion(8), 
 Auto vars:     Size  Location     Type
		None
 Return value:  Size  Location     Type
                  2   26[COMRAM] int 
 Registers used:
		wreg, fsr2l, fsr2h, status,2, status,0, prodl, prodh, cstack
 Tracked objects:
		On entry : 
		On exit  : 
		Unchanged: 
 Data sizes:     COMRAM   BANK0   BANK1   BANK2   BANK3   BANK4   BANK5   BANK6   BANK7
      Params:         2       0       0       0       0       0       0       0       0
      Locals:         0       0       0       0       0       0       0       0       0
      Temps:          5       0       0       0       0       0       0       0       0
      Totals:         7       0       0       0       0       0       0       0       0
Total ram usage:        7 bytes
 Hardware stack levels used:    1
 Hardware stack levels required when called:    6
 This function calls:
		_Complete
		_Error
		_Executing
		_coordinateRefreshX
		_coordinateRefreshY
		_invalidCoordinate
		_xLimit
		_yLimit
 This function is called by:
		_main
 This function uses a non-reentrant model


 *************** function _yLimit *****************
 Defined at:
		line 26 in file "Comandos.c"
 Parameters:    Size  Location     Type
		None
 Auto vars:     Size  Location     Type
  i               2   15[COMRAM] int 
 Return value:  Size  Location     Type
                  1    wreg      void 
 Registers used:
		wreg, fsr2l, fsr2h, status,2, status,0, cstack
 Tracked objects:
		On entry : 
		On exit  : 
		Unchanged: 
 Data sizes:     COMRAM   BANK0   BANK1   BANK2   BANK3   BANK4   BANK5   BANK6   BANK7
      Params:         0       0       0       0       0       0       0       0       0
      Locals:         2       0       0       0       0       0       0       0       0
      Temps:          0       0       0       0       0       0       0       0       0
      Totals:         2       0       0       0       0       0       0       0       0
Total ram usage:        2 bytes
 Hardware stack levels used:    1
 Hardware stack levels required when called:    4
 This function calls:
		_USART_Tx
		_strlen
 This function is called by:
		_commands
		_main
 This function uses a non-reentrant model


 *************** function _xLimit *****************
 Defined at:
		line 19 in file "Comandos.c"
 Parameters:    Size  Location     Type
		None
 Auto vars:     Size  Location     Type
  i               2   15[COMRAM] int 
 Return value:  Size  Location     Type
                  1    wreg      void 
 Registers used:
		wreg, fsr2l, fsr2h, status,2, status,0, cstack
 Tracked objects:
		On entry : 
		On exit  : 
		Unchanged: 
 Data sizes:     COMRAM   BANK0   BANK1   BANK2   BANK3   BANK4   BANK5   BANK6   BANK7
      Params:         0       0       0       0       0       0       0       0       0
      Locals:         2       0       0       0       0       0       0       0       0
      Temps:          0       0       0       0       0       0       0       0       0
      Totals:         2       0       0       0       0       0       0       0       0
Total ram usage:        2 bytes
 Hardware stack levels used:    1
 Hardware stack levels required when called:    4
 This function calls:
		_USART_Tx
		_strlen
 This function is called by:
		_commands
		_main
 This function uses a non-reentrant model


 *************** function _invalidCoordinate *****************
 Defined at:
		line 10 in file "Comandos.c"
 Parameters:    Size  Location     Type
		None
 Auto vars:     Size  Location     Type
  i               2   15[COMRAM] int 
 Return value:  Size  Location     Type
                  1    wreg      void 
 Registers used:
		wreg, fsr2l, fsr2h, status,2, status,0, cstack
 Tracked objects:
		On entry : 
		On exit  : 
		Unchanged: 
 Data sizes:     COMRAM   BANK0   BANK1   BANK2   BANK3   BANK4   BANK5   BANK6   BANK7
      Params:         0       0       0       0       0       0       0       0       0
      Locals:         2       0       0       0       0       0       0       0       0
      Temps:          0       0       0       0       0       0       0       0       0
      Totals:         2       0       0       0       0       0       0       0       0
Total ram usage:        2 bytes
 Hardware stack levels used:    1
 Hardware stack levels required when called:    4
 This function calls:
		_USART_Tx
		_strlen
 This function is called by:
		_commands
 This function uses a non-reentrant model


 *************** function _coordinateRefreshY *****************
 Defined at:
		line 91 in file "Comandos.c"
 Parameters:    Size  Location     Type
  newY            2   20[COMRAM] int 
 Auto vars:     Size  Location     Type
  j               2   24[COMRAM] int 
  i               2   22[COMRAM] int 
 Return value:  Size  Location     Type
                  1    wreg      void 
 Registers used:
		wreg, fsr2l, fsr2h, status,2, status,0, prodl, prodh, cstack
 Tracked objects:
		On entry : 
		On exit  : 
		Unchanged: 
 Data sizes:     COMRAM   BANK0   BANK1   BANK2   BANK3   BANK4   BANK5   BANK6   BANK7
      Params:         2       0       0       0       0       0       0       0       0
      Locals:         4       0       0       0       0       0       0       0       0
      Temps:          0       0       0       0       0       0       0       0       0
      Totals:         6       0       0       0       0       0       0       0       0
Total ram usage:        6 bytes
 Hardware stack levels used:    1
 Hardware stack levels required when called:    5
 This function calls:
		_USART_Tx
		_pulseCounter
		_strlen
 This function is called by:
		_commands
 This function uses a non-reentrant model


 *************** function _coordinateRefreshX *****************
 Defined at:
		line 62 in file "Comandos.c"
 Parameters:    Size  Location     Type
  newX            2   20[COMRAM] int 
 Auto vars:     Size  Location     Type
  j               2   24[COMRAM] int 
  i               2   22[COMRAM] int 
 Return value:  Size  Location     Type
                  1    wreg      void 
 Registers used:
		wreg, fsr2l, fsr2h, status,2, status,0, prodl, prodh, cstack
 Tracked objects:
		On entry : 
		On exit  : 
		Unchanged: 
 Data sizes:     COMRAM   BANK0   BANK1   BANK2   BANK3   BANK4   BANK5   BANK6   BANK7
      Params:         2       0       0       0       0       0       0       0       0
      Locals:         4       0       0       0       0       0       0       0       0
      Temps:          0       0       0       0       0       0       0       0       0
      Totals:         6       0       0       0       0       0       0       0       0
Total ram usage:        6 bytes
 Hardware stack levels used:    1
 Hardware stack levels required when called:    5
 This function calls:
		_USART_Tx
		_pulseCounter
		_strlen
 This function is called by:
		_commands
 This function uses a non-reentrant model


 *************** function _pulseCounter *****************
 Defined at:
		line 38 in file "pwm.c"
 Parameters:    Size  Location     Type
  pulsoD          2   17[COMRAM] int 
 Auto vars:     Size  Location     Type
		None
 Return value:  Size  Location     Type
                  1    wreg      void 
 Registers used:
		wreg, status,2, status,0, prodl, prodh, cstack
 Tracked objects:
		On entry : 
		On exit  : 
		Unchanged: 
 Data sizes:     COMRAM   BANK0   BANK1   BANK2   BANK3   BANK4   BANK5   BANK6   BANK7
      Params:         2       0       0       0       0       0       0       0       0
      Locals:         0       0       0       0       0       0       0       0       0
      Temps:          1       0       0       0       0       0       0       0       0
      Totals:         3       0       0       0       0       0       0       0       0
Total ram usage:        3 bytes
 Hardware stack levels used:    1
 Hardware stack levels required when called:    4
 This function calls:
		___wmul
		_clearOneShot
		_oneShot
 This function is called by:
		_coordinateRefreshX
		_coordinateRefreshY
 This function uses a non-reentrant model


 *************** function _oneShot *****************
 Defined at:
		line 58 in file "pwm.c"
 Parameters:    Size  Location     Type
		None
 Auto vars:     Size  Location     Type
		None
 Return value:  Size  Location     Type
                  1    wreg      void 
 Registers used:
		wreg, status,2, status,0
 Tracked objects:
		On entry : 
		On exit  : 
		Unchanged: 
 Data sizes:     COMRAM   BANK0   BANK1   BANK2   BANK3   BANK4   BANK5   BANK6   BANK7
      Params:         0       0       0       0       0       0       0       0       0
      Locals:         0       0       0       0       0       0       0       0       0
      Temps:          0       0       0       0       0       0       0       0       0
      Totals:         0       0       0       0       0       0       0       0       0
Total ram usage:        0 bytes
 Hardware stack levels used:    1
 Hardware stack levels required when called:    3
 This function calls:
		Nothing
 This function is called by:
		_pulseCounter
 This function uses a non-reentrant model


 *************** function _clearOneShot *****************
 Defined at:
		line 65 in file "pwm.c"
 Parameters:    Size  Location     Type
		None
 Auto vars:     Size  Location     Type
		None
 Return value:  Size  Location     Type
                  1    wreg      void 
 Registers used:
		wreg, status,2
 Tracked objects:
		On entry : 
		On exit  : 
		Unchanged: 
 Data sizes:     COMRAM   BANK0   BANK1   BANK2   BANK3   BANK4   BANK5   BANK6   BANK7
      Params:         0       0       0       0       0       0       0       0       0
      Locals:         0       0       0       0       0       0       0       0       0
      Temps:          0       0       0       0       0       0       0       0       0
      Totals:         0       0       0       0       0       0       0       0       0
Total ram usage:        0 bytes
 Hardware stack levels used:    1
 Hardware stack levels required when called:    3
 This function calls:
		Nothing
 This function is called by:
		_pulseCounter
 This function uses a non-reentrant model


 *************** function ___wmul *****************
 Defined at:
		line 15 in file "C:\Program Files (x86)\Microchip\xc8\v2.10\pic\sources\c99\common\Umul16.c"
 Parameters:    Size  Location     Type
  multiplier      2   11[COMRAM] unsigned int 
  multiplicand    2   13[COMRAM] unsigned int 
 Auto vars:     Size  Location     Type
  product         2   15[COMRAM] unsigned int 
 Return value:  Size  Location     Type
                  2   11[COMRAM] unsigned int 
 Registers used:
		wreg, status,2, status,0, prodl, prodh
 Tracked objects:
		On entry : 
		On exit  : 
		Unchanged: 
 Data sizes:     COMRAM   BANK0   BANK1   BANK2   BANK3   BANK4   BANK5   BANK6   BANK7
      Params:         4       0       0       0       0       0       0       0       0
      Locals:         2       0       0       0       0       0       0       0       0
      Temps:          0       0       0       0       0       0       0       0       0
      Totals:         6       0       0       0       0       0       0       0       0
Total ram usage:        6 bytes
 Hardware stack levels used:    1
 Hardware stack levels required when called:    3
 This function calls:
		Nothing
 This function is called by:
		_pulseCounter
 This function uses a non-reentrant model


 *************** function _Executing *****************
 Defined at:
		line 42 in file "Comandos.c"
 Parameters:    Size  Location     Type
		None
 Auto vars:     Size  Location     Type
  i               2   15[COMRAM] int 
 Return value:  Size  Location     Type
                  1    wreg      void 
 Registers used:
		wreg, fsr2l, fsr2h, status,2, status,0, cstack
 Tracked objects:
		On entry : 
		On exit  : 
		Unchanged: 
 Data sizes:     COMRAM   BANK0   BANK1   BANK2   BANK3   BANK4   BANK5   BANK6   BANK7
      Params:         0       0       0       0       0       0       0       0       0
      Locals:         2       0       0       0       0       0       0       0       0
      Temps:          0       0       0       0       0       0       0       0       0
      Totals:         2       0       0       0       0       0       0       0       0
Total ram usage:        2 bytes
 Hardware stack levels used:    1
 Hardware stack levels required when called:    4
 This function calls:
		_USART_Tx
		_strlen
 This function is called by:
		_commands
 This function uses a non-reentrant model


 *************** function _Error *****************
 Defined at:
		line 32 in file "Comandos.c"
 Parameters:    Size  Location     Type
		None
 Auto vars:     Size  Location     Type
  i               2   15[COMRAM] int 
 Return value:  Size  Location     Type
                  1    wreg      void 
 Registers used:
		wreg, fsr2l, fsr2h, status,2, status,0, cstack
 Tracked objects:
		On entry : 
		On exit  : 
		Unchanged: 
 Data sizes:     COMRAM   BANK0   BANK1   BANK2   BANK3   BANK4   BANK5   BANK6   BANK7
      Params:         0       0       0       0       0       0       0       0       0
      Locals:         2       0       0       0       0       0       0       0       0
      Temps:          0       0       0       0       0       0       0       0       0
      Totals:         2       0       0       0       0       0       0       0       0
Total ram usage:        2 bytes
 Hardware stack levels used:    1
 Hardware stack levels required when called:    4
 This function calls:
		_USART_Tx
		_strlen
 This function is called by:
		_commands
 This function uses a non-reentrant model


 *************** function _Complete *****************
 Defined at:
		line 52 in file "Comandos.c"
 Parameters:    Size  Location     Type
		None
 Auto vars:     Size  Location     Type
  i               2   15[COMRAM] int 
 Return value:  Size  Location     Type
                  1    wreg      void 
 Registers used:
		wreg, fsr2l, fsr2h, status,2, status,0, cstack
 Tracked objects:
		On entry : 
		On exit  : 
		Unchanged: 
 Data sizes:     COMRAM   BANK0   BANK1   BANK2   BANK3   BANK4   BANK5   BANK6   BANK7
      Params:         0       0       0       0       0       0       0       0       0
      Locals:         2       0       0       0       0       0       0       0       0
      Temps:          0       0       0       0       0       0       0       0       0
      Totals:         2       0       0       0       0       0       0       0       0
Total ram usage:        2 bytes
 Hardware stack levels used:    1
 Hardware stack levels required when called:    4
 This function calls:
		_USART_Tx
		_strlen
 This function is called by:
		_commands
		_main
 This function uses a non-reentrant model


 *************** function _strlen *****************
 Defined at:
		line 5 in file "C:\Program Files (x86)\Microchip\xc8\v2.10\pic\sources\c99\common\strlen.c"
 Parameters:    Size  Location     Type
  s               2   11[COMRAM] PTR const unsigned char 
		 -> emergency(26), check(23), msup(11), msdown(13), 
		 -> msright(13), msleft(12), msgcomp(23), msgeje(22), 
		 -> msgwrong(27), yl(17), xl(17), CE(30), 
 Auto vars:     Size  Location     Type
  a               2   13[COMRAM] PTR const unsigned char 
		 -> emergency(26), check(23), msup(11), msdown(13), 
		 -> msright(13), msleft(12), msgcomp(23), msgeje(22), 
		 -> msgwrong(27), yl(17), xl(17), CE(30), 
 Return value:  Size  Location     Type
                  2   11[COMRAM] unsigned int 
 Registers used:
		wreg, fsr2l, fsr2h, status,2, status,0
 Tracked objects:
		On entry : 
		On exit  : 
		Unchanged: 
 Data sizes:     COMRAM   BANK0   BANK1   BANK2   BANK3   BANK4   BANK5   BANK6   BANK7
      Params:         2       0       0       0       0       0       0       0       0
      Locals:         2       0       0       0       0       0       0       0       0
      Temps:          0       0       0       0       0       0       0       0       0
      Totals:         4       0       0       0       0       0       0       0       0
Total ram usage:        4 bytes
 Hardware stack levels used:    1
 Hardware stack levels required when called:    3
 This function calls:
		Nothing
 This function is called by:
		_invalidCoordinate
		_xLimit
		_yLimit
		_Error
		_Executing
		_Complete
		_coordinateRefreshX
		_coordinateRefreshY
 This function uses a non-reentrant model


 *************** function _USART_Tx *****************
 Defined at:
		line 27 in file "USART.c"
 Parameters:    Size  Location     Type
  data            1    wreg     unsigned char 
 Auto vars:     Size  Location     Type
  data            1   11[COMRAM] unsigned char 
 Return value:  Size  Location     Type
                  1    wreg      void 
 Registers used:
		wreg
 Tracked objects:
		On entry : 
		On exit  : 
		Unchanged: 
 Data sizes:     COMRAM   BANK0   BANK1   BANK2   BANK3   BANK4   BANK5   BANK6   BANK7
      Params:         0       0       0       0       0       0       0       0       0
      Locals:         1       0       0       0       0       0       0       0       0
      Temps:          0       0       0       0       0       0       0       0       0
      Totals:         1       0       0       0       0       0       0       0       0
Total ram usage:        1 bytes
 Hardware stack levels used:    1
 Hardware stack levels required when called:    3
 This function calls:
		Nothing
 This function is called by:
		_invalidCoordinate
		_xLimit
		_yLimit
		_Error
		_Executing
		_Complete
		_coordinateRefreshX
		_coordinateRefreshY
		_main
 This function uses a non-reentrant model


 *************** function _USART_Rx *****************
 Defined at:
		line 32 in file "USART.c"
 Parameters:    Size  Location     Type
		None
 Auto vars:     Size  Location     Type
		None
 Return value:  Size  Location     Type
                  1    wreg      unsigned char 
 Registers used:
		wreg, status,2
 Tracked objects:
		On entry : 
		On exit  : 
		Unchanged: 
 Data sizes:     COMRAM   BANK0   BANK1   BANK2   BANK3   BANK4   BANK5   BANK6   BANK7
      Params:         0       0       0       0       0       0       0       0       0
      Locals:         0       0       0       0       0       0       0       0       0
      Temps:          0       0       0       0       0       0       0       0       0
      Totals:         0       0       0       0       0       0       0       0       0
Total ram usage:        0 bytes
 Hardware stack levels used:    1
 Hardware stack levels required when called:    3
 This function calls:
		Nothing
 This function is called by:
		_main
 This function uses a non-reentrant model


 *************** function _USART_Init *****************
 Defined at:
		line 6 in file "USART.c"
 Parameters:    Size  Location     Type
  BAUD            4   25[COMRAM] long 
 Auto vars:     Size  Location     Type
		None
 Return value:  Size  Location     Type
                  1    wreg      void 
 Registers used:
		wreg, status,2, status,0, cstack
 Tracked objects:
		On entry : 
		On exit  : 
		Unchanged: 
 Data sizes:     COMRAM   BANK0   BANK1   BANK2   BANK3   BANK4   BANK5   BANK6   BANK7
      Params:         4       0       0       0       0       0       0       0       0
      Locals:         4       0       0       0       0       0       0       0       0
      Temps:          0       0       0       0       0       0       0       0       0
      Totals:         8       0       0       0       0       0       0       0       0
Total ram usage:        8 bytes
 Hardware stack levels used:    1
 Hardware stack levels required when called:    4
 This function calls:
		___aldiv
 This function is called by:
		_main
 This function uses a non-reentrant model


 *************** function ___aldiv *****************
 Defined at:
		line 7 in file "C:\Program Files (x86)\Microchip\xc8\v2.10\pic\sources\c99\common\aldiv.c"
 Parameters:    Size  Location     Type
  dividend        4   11[COMRAM] long 
  divisor         4   15[COMRAM] long 
 Auto vars:     Size  Location     Type
  quotient        4   21[COMRAM] long 
  sign            1   20[COMRAM] unsigned char 
  counter         1   19[COMRAM] unsigned char 
 Return value:  Size  Location     Type
                  4   11[COMRAM] long 
 Registers used:
		wreg, status,2, status,0
 Tracked objects:
		On entry : 
		On exit  : 
		Unchanged: 
 Data sizes:     COMRAM   BANK0   BANK1   BANK2   BANK3   BANK4   BANK5   BANK6   BANK7
      Params:         8       0       0       0       0       0       0       0       0
      Locals:         6       0       0       0       0       0       0       0       0
      Temps:          0       0       0       0       0       0       0       0       0
      Totals:        14       0       0       0       0       0       0       0       0
Total ram usage:       14 bytes
 Hardware stack levels used:    1
 Hardware stack levels required when called:    3
 This function calls:
		Nothing
 This function is called by:
		_USART_Init
 This function uses a non-reentrant model


 *************** function _INT_isr *****************
 Defined at:
		line 21 in file "MAINSPARC.c"
 Parameters:    Size  Location     Type
		None
 Auto vars:     Size  Location     Type
  i               2    9[COMRAM] int 
 Return value:  Size  Location     Type
                  1    wreg      void 
 Registers used:
		wreg, fsr2l, fsr2h, status,2, status,0, cstack
 Tracked objects:
		On entry : 
		On exit  : 
		Unchanged: 
 Data sizes:     COMRAM   BANK0   BANK1   BANK2   BANK3   BANK4   BANK5   BANK6   BANK7
      Params:         0       0       0       0       0       0       0       0       0
      Locals:         2       0       0       0       0       0       0       0       0
      Temps:          3       0       0       0       0       0       0       0       0
      Totals:         5       0       0       0       0       0       0       0       0
Total ram usage:        5 bytes
 Hardware stack levels used:    1
 Hardware stack levels required when called:    2
 This function calls:
		_emergencyButton
		i2_USART_Tx
		i2_strlen
 This function is called by:
		Interrupt level 2
 This function uses a non-reentrant model


 *************** function _emergencyButton *****************
 Defined at:
		line 26 in file "Interruptions.c"
 Parameters:    Size  Location     Type
		None
 Auto vars:     Size  Location     Type
  i               2    4[COMRAM] int 
 Return value:  Size  Location     Type
                  1    wreg      void 
 Registers used:
		wreg, fsr2l, fsr2h, status,2, status,0, cstack
 Tracked objects:
		On entry : 
		On exit  : 
		Unchanged: 
 Data sizes:     COMRAM   BANK0   BANK1   BANK2   BANK3   BANK4   BANK5   BANK6   BANK7
      Params:         0       0       0       0       0       0       0       0       0
      Locals:         2       0       0       0       0       0       0       0       0
      Temps:          0       0       0       0       0       0       0       0       0
      Totals:         2       0       0       0       0       0       0       0       0
Total ram usage:        2 bytes
 Hardware stack levels used:    1
 Hardware stack levels required when called:    1
 This function calls:
		i2_USART_Tx
		i2_strlen
 This function is called by:
		_INT_isr
 This function uses a non-reentrant model


 *************** function i2_strlen *****************
 Defined at:
		line 5 in file "C:\Program Files (x86)\Microchip\xc8\v2.10\pic\sources\c99\common\strlen.c"
 Parameters:    Size  Location     Type
  s               2    0[COMRAM] PTR const unsigned char 
		 -> emergency(26), check(23), msup(11), msdown(13), 
		 -> msright(13), msleft(12), msgcomp(23), msgeje(22), 
		 -> msgwrong(27), yl(17), xl(17), CE(30), 
 Auto vars:     Size  Location     Type
  strlen          2    2[COMRAM] PTR const unsigned char 
		 -> emergency(26), check(23), msup(11), msdown(13), 
		 -> msright(13), msleft(12), msgcomp(23), msgeje(22), 
		 -> msgwrong(27), yl(17), xl(17), CE(30), 
 Return value:  Size  Location     Type
                  2    0[COMRAM] unsigned int 
 Registers used:
		wreg, fsr2l, fsr2h, status,2, status,0
 Tracked objects:
		On entry : 
		On exit  : 
		Unchanged: 
 Data sizes:     COMRAM   BANK0   BANK1   BANK2   BANK3   BANK4   BANK5   BANK6   BANK7
      Params:         2       0       0       0       0       0       0       0       0
      Locals:         2       0       0       0       0       0       0       0       0
      Temps:          0       0       0       0       0       0       0       0       0
      Totals:         4       0       0       0       0       0       0       0       0
Total ram usage:        4 bytes
 Hardware stack levels used:    1
 This function calls:
		Nothing
 This function is called by:
		_INT_isr
		_emergencyButton
 This function uses a non-reentrant model


 *************** function i2_USART_Tx *****************
 Defined at:
		line 27 in file "USART.c"
 Parameters:    Size  Location     Type
  data            1    wreg     unsigned char 
 Auto vars:     Size  Location     Type
  data            1    0[COMRAM] unsigned char 
 Return value:  Size  Location     Type
                  1    wreg      void 
 Registers used:
		wreg
 Tracked objects:
		On entry : 
		On exit  : 
		Unchanged: 
 Data sizes:     COMRAM   BANK0   BANK1   BANK2   BANK3   BANK4   BANK5   BANK6   BANK7
      Params:         0       0       0       0       0       0       0       0       0
      Locals:         1       0       0       0       0       0       0       0       0
      Temps:          0       0       0       0       0       0       0       0       0
      Totals:         1       0       0       0       0       0       0       0       0
Total ram usage:        1 bytes
 Hardware stack levels used:    1
 This function calls:
		Nothing
 This function is called by:
		_INT_isr
		_emergencyButton
 This function uses a non-reentrant model



MODULE INFORMATION

Module		Function		Class		Link	Load	Size
USART.c
		_USART_Rx      		CODE           	10DC	0000	19
		_USART_Tx      		CODE           	109C	0000	23
		_USART_Init    		CODE           	0CB4	0000	113

USART.c estimated size: 155

Comandos.c
		_coordinateRefreshX		CODE           	09BC	0000	231
		_coordinateRefreshY		CODE           	08D6	0000	231
		_Error         		CODE           	0E2A	0000	77
		_Executing     		CODE           	0DDE	0000	77
		_Complete      		CODE           	0E76	0000	77
		_invalidCoordinate		CODE           	0D92	0000	77
		_xLimit        		CODE           	0F08	0000	71
		_yLimit        		CODE           	0EC2	0000	71
		_commands      		CODE           	0012	0000	1725

Comandos.c estimated size: 2637

Interruptions.c
		_emergencyButton		CODE           	0D24	0000	111
		_interruptionsInit		CODE           	10EE	0000	17

Interruptions.c estimated size: 128

C:\Program Files (x86)\Microchip\xc8\v2.10\pic\sources\c99\common\strlen.c
		_strlen        		CODE           	0F88	0000	55

C:\Program Files (x86)\Microchip\xc8\v2.10\pic\sources\c99\common\strlen.c estimated size: 55

C:\Program Files (x86)\Microchip\xc8\v2.10\pic\sources\c99\common\aldiv.c
		___aldiv       		CODE           	06CE	0000	269

C:\Program Files (x86)\Microchip\xc8\v2.10\pic\sources\c99\common\aldiv.c estimated size: 269

pwm.c
		_pulseCounter  		CODE           	0B3C	0000	131
		_clearOneShot  		CODE           	10C8	0000	21
		_pwm_init      		CODE           	1042	0000	37
		_oneShot       		CODE           	1066	0000	31

pwm.c estimated size: 220

MAINSPARC.c
		_main          		CODE           	07DA	0000	253
		_INT_isr       		CODE           	0008	0000	135

MAINSPARC.c estimated size: 388

shared
		__initialization		CODE           	0C3E	0000	109
		i2_USART_Tx    		CODE           	10B2	0000	23
		i2_strlen      		CODE           	0FBE	0000	55

shared estimated size: 187

GPIO.c
		_gpioInit      		CODE           	0FF4	0000	41

GPIO.c estimated size: 41

C:\Program Files (x86)\Microchip\xc8\v2.10\pic\sources\c99\common\Umul16.c
		___wmul        		CODE           	101C	0000	39

C:\Program Files (x86)\Microchip\xc8\v2.10\pic\sources\c99\common\Umul16.c estimated size: 39

