Microchip MPLAB XC8 Compiler V2.10 ()

Linker command line:

-W-3 --edf=C:\Program Files (x86)\Microchip\xc8\v2.10\pic\dat\en_msgs.txt \
  -cs -h+dist/default/production\SPARC1.X.production.sym \
  --cmf=dist/default/production\SPARC1.X.production.cmf -z -Q18F4550 \
  -oC:\Users\Rulo\AppData\Local\Temp\sbs4.2 --defsym=__MPLAB_BUILD=1 \
  -Mdist/default/production/SPARC1.X.production.map -E1 -ver=XC8 \
  --acfsm=1493 -ASTACK=0125h-07FFh -pstack=STACK -ACODE=00h-07FFFh \
  -ACONST=00h-07FFFh -ASMALLCONST=0800h-08FFhx120 \
  -AMEDIUMCONST=0800h-07FFFh -ACOMRAM=01h-05Fh -AABS1=00h-07FFh \
  -ABIGRAM=01h-07FFh -ARAM=060h-0FFh,0100h-01FFhx7 -ABANK0=060h-0FFh \
  -ABANK1=0100h-01FFh -ABANK2=0200h-02FFh -ABANK3=0300h-03FFh \
  -ABANK4=0400h-04FFh -ABANK5=0500h-05FFh -ABANK6=0600h-06FFh \
  -ABANK7=0700h-07FFh -ASFR=0F60h-0FFFh \
  -preset_vec=00h,intcode=08h,intcodelo,powerup,init -pramtop=0800h \
  -psmallconst=SMALLCONST -pmediumconst=MEDIUMCONST -pconst=CONST \
  -AFARRAM=00h-00h -ACONFIG=0300000h-030000Dh -pconfig=CONFIG \
  -AIDLOC=0200000h-0200007h -pidloc=IDLOC -AEEDATA=0F00000h-0F000FFh \
  -peeprom_data=EEDATA \
  -prdata=COMRAM,nvrram=COMRAM,nvbit=COMRAM,rbss=COMRAM,rbit=COMRAM \
  -pfarbss=FARRAM,fardata=FARRAM,nvFARRAM=FARRAM \
  -pintsave_regs=BIGRAM,bigbss=BIGRAM,bigdata=BIGRAM -pbss=RAM \
  -pidata=CODE,irdata=CODE,ibigdata=CODE,ifardata=CODE -prparam=COMRAM \
  C:\Users\Rulo\AppData\Local\Temp\sbs4.o \
  dist/default/production\SPARC1.X.production.o 

Object code version is 3.11

Machine type is 18F4550

Call graph: (short form)




                Name                               Link     Load   Length Selector   Space Scale
C:\Users\Rulo\AppData\Local\Temp\sbs4.o
                init                                  E        E        4        4       0
                reset_vec                             0        0        4        0       0
                idloc                            200000   200000        8   200000       0
                config                           300000   300000        E   300000       0
dist/default/production\SPARC1.X.production.o
                intcode                               8        8        6        4       0
                temp                                 4C       4C        1        1       1
                text24                             104A     104A       16      81A       0
                text23                              F38      F38       36        4       0
                text22                              D24      D24       6E        4       0
                intcode_body                        BBE      BBE       80        4       0
                text20                              6C8      6C8      10C        4       0
                text19                              CB4      CB4       70        4       0
                text18                             1074     1074       12      81A       0
                text17                             1034     1034       16      81A       0
                text16                              F02      F02       36        4       0
                text15                              E2A      E2A       4C        4       0
                text14                              DDE      DDE       4C        4       0
                text13                              D92      D92       4C        4       0
                text12                              F96      F96       26        4       0
                text11                             1060     1060       14      81A       0
                text10                              FE0      FE0       1E        4       0
                text9                               B3C      B3C       82        4       0
                text8                               9BA      9BA       E6        4       0
                text7                               8D4      8D4       E6        4       0
                text6                               EBC      EBC       46        4       0
                text5                               E76      E76       46        4       0
                text4                                12       12      6B6        4       0
                text3                               F6E      F6E       28        4       0
                text2                              1086     1086       10      81A       0
                text1                               FBC      FBC       24        4       0
                text0                               7D4      7D4      100        4       0
                cstackCOMRAM                          1        1       21        1       1
                cstackBANK1                         11A      11A        B      100       1
                dataBANK1                           100      100       1A      100       1
                dataBANK0                            60       60       9C       60       1
                dataCOMRAM                           22       22       1B        1       1
                bssCOMRAM                            3D       3D        F        1       1
                cinit                               C3E      C3E       76        4       0
                idataBANK1                         1019     1019       1A        4       0
                idataBANK0                          AA0      AA0       9C        4       0
                idataCOMRAM                         FFE      FFE       1B        4       0

TOTAL           Name                               Link     Load   Length     Space
        CLASS   STACK          

        CLASS   CODE           
                intcode                               8        8        6         0
                init                                  E        E        4         0
                reset_vec                             0        0        4         0
                text24                             104A     104A       16         0
                text23                              F38      F38       36         0
                text22                              D24      D24       6E         0
                intcode_body                        BBE      BBE       80         0
                text20                              6C8      6C8      10C         0
                text19                              CB4      CB4       70         0
                text18                             1074     1074       12         0
                text17                             1034     1034       16         0
                text16                              F02      F02       36         0
                text15                              E2A      E2A       4C         0
                text14                              DDE      DDE       4C         0
                text13                              D92      D92       4C         0
                text12                              F96      F96       26         0
                text11                             1060     1060       14         0
                text10                              FE0      FE0       1E         0
                text9                               B3C      B3C       82         0
                text8                               9BA      9BA       E6         0
                text7                               8D4      8D4       E6         0
                text6                               EBC      EBC       46         0
                text5                               E76      E76       46         0
                text4                                12       12      6B6         0
                text3                               F6E      F6E       28         0
                text2                              1086     1086       10         0
                text1                               FBC      FBC       24         0
                text0                               7D4      7D4      100         0
                cinit                               C3E      C3E       76         0
                idataBANK1                         1019     1019       1A         0
                idataBANK0                          AA0      AA0       9C         0
                idataCOMRAM                         FFE      FFE       1B         0

        CLASS   CONST          

        CLASS   SMALLCONST     

        CLASS   MEDIUMCONST    

        CLASS   COMRAM         
                temp                                 4C       4C        1         1
                cstackCOMRAM                          1        1       21         1
                dataCOMRAM                           22       22       1B         1
                bssCOMRAM                            3D       3D        F         1

        CLASS   ABS1           

        CLASS   BIGRAM         

        CLASS   RAM            

        CLASS   BANK0          
                dataBANK0                            60       60       9C         1

        CLASS   BANK1          
                cstackBANK1                         11A      11A        B         1
                dataBANK1                           100      100       1A         1

        CLASS   BANK2          

        CLASS   BANK3          

        CLASS   BANK4          

        CLASS   BANK5          

        CLASS   BANK6          

        CLASS   BANK7          

        CLASS   SFR            

        CLASS   FARRAM         

        CLASS   CONFIG         
                config                           300000   300000        E         0

        CLASS   IDLOC          
                idloc                            200000   200000        8         0

        CLASS   EEDATA         



SEGMENTS        Name                           Load    Length   Top    Selector   Space  Class

                reset_vec                      000000  000004  000004         0       0  CODE    
                cstackCOMRAM                   000001  00004C  00004D         1       1  COMRAM  
                intcode                        000008  00102B  001033         4       0  CODE    
                dataBANK0                      000060  00009C  0000FC        60       1  BANK0   
                dataBANK1                      000100  000025  000125       100       1  BANK1   
                text17                         001034  000062  001096       81A       0  CODE    
                idloc                          200000  000008  200008    200000       0  IDLOC   
                config                         300000  00000E  30000E    300000       0  CONFIG  


UNUSED ADDRESS RANGES

        Name                Unused          Largest block    Delta
        BANK0            0000FC-0000FF                4
        BANK1            000125-0001FF               DB
        BANK2            000200-0002FF              100
        BANK3            000300-0003FF              100
        BANK4            000400-0004FF              100
        BANK5            000500-0005FF              100
        BANK6            000600-0006FF              100
        BANK7            000700-0007FF              100
        BIGRAM           00004D-00005F               13
                         0000FC-0000FF                4
                         000125-0007FF              6DB
        CODE             000004-000007                4
                         001033-001033                1
                         001096-007FFF             6F6A
        COMRAM           00004D-00005F               13
        CONST            000004-000007                4
                         001033-001033                1
                         001096-007FFF             6F6A
        EEDATA           F00000-F000FF              100
        MEDIUMCONST      001033-001033                1
                         001096-007FFF             6F6A
        RAM              0000FC-0000FF                4
                         000125-0007FF              100
        SFR              000F60-000FFF               A0
        SMALLCONST       001033-001033                1
                         001096-007FFF              100
        STACK            000125-0007FF              6DB

                                  Symbol Table

?___aldiv                    cstackCOMRAM 00000C
?___wmul                     cstackCOMRAM 00000C
?_strlen                     cstackCOMRAM 00000C
?i2_strlen                   cstackCOMRAM 000001
Completo@i                   cstackCOMRAM 000010
Ejecutandose@i               cstackCOMRAM 000010
Error@i                      cstackCOMRAM 000010
INT_isr@i                    cstackCOMRAM 00000A
USART_Init@BAUD              cstackCOMRAM 00001A
USART_Tx@data                cstackCOMRAM 00000C
_CCP1CON                     (abs)        000FBD
_CCP2CON                     (abs)        000FBA
_CCPR1L                      (abs)        000FBE
_CCPR2L                      (abs)        000FBB
_CMCON                       (abs)        000FB4
_Completo                    text15       000E2A
_Ejecutandose                text14       000DDE
_Error                       text13       000D92
_INTCON2bits                 (abs)        000FF1
_INTCON3bits                 (abs)        000FF0
_INTCONbits                  (abs)        000FF2
_INT_isr                     intcode      000008
_LATB                        (abs)        000F8A
_LATC                        (abs)        000F8B
_LATD                        (abs)        000F8C
_OSCCON                      (abs)        000FD3
_PIR1bits                    (abs)        000F9E
_PORTB                       (abs)        000F81
_PORTBbits                   (abs)        000F81
_PORTC                       (abs)        000F82
_PORTCbits                   (abs)        000F82
_PORTD                       (abs)        000F83
_PORTDbits                   (abs)        000F83
_PR2                         (abs)        000FCB
_RCIF                        (abs)        007CF5
_RCONbits                    (abs)        000FD0
_RCREG                       (abs)        000FAE
_RCSTAbits                   (abs)        000FAB
_SPBRG                       (abs)        000FAF
_T2CON                       (abs)        000FCA
_T2CONbits                   (abs)        000FCA
_TMR2                        (abs)        000FCC
_TRISB                       (abs)        000F93
_TRISCbits                   (abs)        000F94
_TRISD                       (abs)        000F95
_TXREG                       (abs)        000FAD
_TXSTAbits                   (abs)        000FAC
_USART_Init                  text19       000CB4
_USART_Init$1762             cstackCOMRAM 00001E
_USART_Rx                    text18       001074
_USART_Tx                    text17       001034
__CFG_FOSC$INTOSC_HS         (abs)        000000
__CFG_LVP$OFF                (abs)        000000
__CFG_MCLRE$OFF              (abs)        000000
__CFG_PBADEN$OFF             (abs)        000000
__CFG_WDT$OFF                (abs)        000000
__HRAM                       (abs)        000000
__Habs1                      abs1         000000
__Hbank0                     bank0        000000
__Hbank1                     bank1        000000
__Hbank2                     bank2        000000
__Hbank3                     bank3        000000
__Hbank4                     bank4        000000
__Hbank5                     bank5        000000
__Hbank6                     bank6        000000
__Hbank7                     bank7        000000
__Hbigbss                    bigbss       000000
__Hbigdata                   bigdata      000000
__Hbigram                    bigram       000000
__Hbss                       bss          000000
__HbssCOMRAM                 bssCOMRAM    000000
__Hcinit                     cinit        000000
__Hclrtext                   clrtext      000000
__Hcomram                    comram       000000
__Hconfig                    config       30000E
__Hconst                     const        000000
__HcstackBANK1               cstackBANK1  000000
__HcstackCOMRAM              cstackCOMRAM 000000
__Hdata                      data         000000
__HdataBANK0                 dataBANK0    000000
__HdataBANK1                 dataBANK1    000000
__HdataCOMRAM                dataCOMRAM   000000
__Heeprom_data               eeprom_data  000000
__Hfarbss                    farbss       000000
__Hfardata                   fardata      000000
__Hibigdata                  ibigdata     000000
__Hidata                     idata        000000
__HidataBANK0                idataBANK0   000000
__HidataBANK1                idataBANK1   000000
__HidataCOMRAM               idataCOMRAM  000000
__Hidloc                     idloc        200008
__Hifardata                  ifardata     000000
__Hinit                      init         000012
__Hintcode                   intcode      00000E
__Hintcode_body              intcode_body 000000
__Hintcodelo                 intcodelo    00000E
__Hintentry                  intentry     000000
__Hintret                    intret       000000
__Hintsave_regs              intsave_regs 000000
__Hirdata                    irdata       000000
__Hmediumconst               mediumconst  000000
__HnvFARRAM                  nvFARRAM     000000
__Hnvbit                     nvbit        000000
__Hnvrram                    nvrram       000000
__Hparam                     rparam       000000
__Hpowerup                   powerup      00000E
__Hram                       ram          000000
__Hramtop                    ramtop       000800
__Hrbit                      rbit         000000
__Hrbss                      rbss         000000
__Hrdata                     rdata        000000
__Hreset_vec                 reset_vec    000004
__Hrparam                    rparam       000000
__Hsfr                       sfr          000000
__Hsmallconst                smallconst   000000
__Hspace_0                   (abs)        30000E
__Hspace_1                   (abs)        000125
__Hspace_2                   (abs)        000000
__Hstack                     stack        000000
__Hstruct                    struct       000000
__Htemp                      temp         00004D
__Htext                      text         000000
__Htext0                     text0        000000
__Htext1                     text1        000000
__Htext10                    text10       000000
__Htext11                    text11       000000
__Htext12                    text12       000000
__Htext13                    text13       000000
__Htext14                    text14       000000
__Htext15                    text15       000000
__Htext16                    text16       000000
__Htext17                    text17       000000
__Htext18                    text18       000000
__Htext19                    text19       000000
__Htext2                     text2        000000
__Htext20                    text20       000000
__Htext22                    text22       000000
__Htext23                    text23       000000
__Htext24                    text24       000000
__Htext3                     text3        000000
__Htext4                     text4        000000
__Htext5                     text5        000000
__Htext6                     text6        000000
__Htext7                     text7        000000
__Htext8                     text8        000000
__Htext9                     text9        000000
__LRAM                       (abs)        000001
__Labs1                      abs1         000000
__Lbank0                     bank0        000000
__Lbank1                     bank1        000000
__Lbank2                     bank2        000000
__Lbank3                     bank3        000000
__Lbank4                     bank4        000000
__Lbank5                     bank5        000000
__Lbank6                     bank6        000000
__Lbank7                     bank7        000000
__Lbigbss                    bigbss       000000
__Lbigdata                   bigdata      000000
__Lbigram                    bigram       000000
__Lbss                       bss          000000
__LbssCOMRAM                 bssCOMRAM    000000
__Lcinit                     cinit        000000
__Lclrtext                   clrtext      000000
__Lcomram                    comram       000000
__Lconfig                    config       300000
__Lconst                     const        000000
__LcstackBANK1               cstackBANK1  000000
__LcstackCOMRAM              cstackCOMRAM 000000
__Ldata                      data         000000
__LdataBANK0                 dataBANK0    000000
__LdataBANK1                 dataBANK1    000000
__LdataCOMRAM                dataCOMRAM   000000
__Leeprom_data               eeprom_data  000000
__Lfarbss                    farbss       000000
__Lfardata                   fardata      000000
__Libigdata                  ibigdata     000000
__Lidata                     idata        000000
__LidataBANK0                idataBANK0   000000
__LidataBANK1                idataBANK1   000000
__LidataCOMRAM               idataCOMRAM  000000
__Lidloc                     idloc        200000
__Lifardata                  ifardata     000000
__Linit                      init         00000E
__Lintcode                   intcode      000008
__Lintcode_body              intcode_body 000000
__Lintcodelo                 intcodelo    00000E
__Lintentry                  intentry     000000
__Lintret                    intret       000000
__Lintsave_regs              intsave_regs 000000
__Lirdata                    irdata       000000
__Lmediumconst               mediumconst  000000
__LnvFARRAM                  nvFARRAM     000000
__Lnvbit                     nvbit        000000
__Lnvrram                    nvrram       000000
__Lparam                     rparam       000000
__Lpowerup                   powerup      00000E
__Lram                       ram          000000
__Lramtop                    ramtop       000800
__Lrbit                      rbit         000000
__Lrbss                      rbss         000000
__Lrdata                     rdata        000000
__Lreset_vec                 reset_vec    000000
__Lrparam                    rparam       000000
__Lsfr                       sfr          000000
__Lsmallconst                smallconst   000000
__Lspace_0                   (abs)        000000
__Lspace_1                   (abs)        000000
__Lspace_2                   (abs)        000000
__Lstack                     stack        000000
__Lstruct                    struct       000000
__Ltemp                      temp         00004C
__Ltext                      text         000000
__Ltext0                     text0        000000
__Ltext1                     text1        000000
__Ltext10                    text10       000000
__Ltext11                    text11       000000
__Ltext12                    text12       000000
__Ltext13                    text13       000000
__Ltext14                    text14       000000
__Ltext15                    text15       000000
__Ltext16                    text16       000000
__Ltext17                    text17       000000
__Ltext18                    text18       000000
__Ltext19                    text19       000000
__Ltext2                     text2        000000
__Ltext20                    text20       000000
__Ltext22                    text22       000000
__Ltext23                    text23       000000
__Ltext24                    text24       000000
__Ltext3                     text3        000000
__Ltext4                     text4        000000
__Ltext5                     text5        000000
__Ltext6                     text6        000000
__Ltext7                     text7        000000
__Ltext8                     text8        000000
__Ltext9                     text9        000000
__S0                         (abs)        30000E
__S1                         (abs)        000125
__S2                         (abs)        000000
___aldiv                     text20       0006C8
___aldiv@counter             cstackCOMRAM 000014
___aldiv@dividend            cstackCOMRAM 00000C
___aldiv@divisor             cstackCOMRAM 000010
___aldiv@quotient            cstackCOMRAM 000016
___aldiv@sign                cstackCOMRAM 000015
___inthi_sp                  stack        000000
___intlo_sp                  stack        000000
___param_bank                (abs)        000000
___rparam_used               (abs)        000001
___sp                        stack        000000
___wmul                      text12       000F96
___wmul@multiplicand         cstackCOMRAM 00000E
___wmul@multiplier           cstackCOMRAM 00000C
___wmul@product              cstackCOMRAM 000010
__accesstop                  (abs)        000060
__activetblptr               (abs)        000000
__end_of_Completo            text15       000E76
__end_of_Ejecutandose        text14       000E2A
__end_of_Error               text13       000DDE
__end_of_INT_isr             intcode_body 000C3E
__end_of_USART_Init          text19       000D24
__end_of_USART_Rx            text18       001086
__end_of_USART_Tx            text17       00104A
__end_of___aldiv             text20       0007D4
__end_of___wmul              text12       000FBC
__end_of__initialization     cinit        000CAA
__end_of_clearOneShot        text11       001074
__end_of_comandos            text4        0006C8
__end_of_contador_pulsosD    text9        000BBE
__end_of_coordinateRefreshX  text8        000AA0
__end_of_coordinateRefreshY  text7        0009BA
__end_of_emergencyButton     text22       000D92
__end_of_gpioInit            text3        000F96
__end_of_interruptionsInit   text2        001096
__end_of_main                text0        0008D4
__end_of_oneShot             text10       000FFE
__end_of_pwm_init            text1        000FE0
__end_of_strlen              text16       000F38
__end_of_xLimit              text6        000F02
__end_of_yLimit              text5        000EBC
__end_ofi2_USART_Tx          text24       001060
__end_ofi2_strlen            text23       000F6E
__initialization             cinit        000C3E
__mediumconst                mediumconst  000000
__pbssCOMRAM                 bssCOMRAM    00003D
__pcinit                     cinit        000C3E
__pcstackBANK1               cstackBANK1  00011A
__pcstackCOMRAM              cstackCOMRAM 000001
__pdataBANK0                 dataBANK0    000060
__pdataBANK1                 dataBANK1    000100
__pdataCOMRAM                dataCOMRAM   000022
__pidataBANK0                idataBANK0   000AA0
__pidataBANK1                idataBANK1   001019
__pidataCOMRAM               idataCOMRAM  000FFE
__pintcode                   intcode      000008
__pintcode_body              intcode_body 000BBE
__ptext0                     text0        0007D4
__ptext1                     text1        000FBC
__ptext10                    text10       000FE0
__ptext11                    text11       001060
__ptext12                    text12       000F96
__ptext13                    text13       000D92
__ptext14                    text14       000DDE
__ptext15                    text15       000E2A
__ptext16                    text16       000F02
__ptext17                    text17       001034
__ptext18                    text18       001074
__ptext19                    text19       000CB4
__ptext2                     text2        001086
__ptext20                    text20       0006C8
__ptext22                    text22       000D24
__ptext23                    text23       000F38
__ptext24                    text24       00104A
__ptext3                     text3        000F6E
__ptext4                     text4        000012
__ptext5                     text5        000E76
__ptext6                     text6        000EBC
__ptext7                     text7        0008D4
__ptext8                     text8        0009BA
__ptext9                     text9        000B3C
__ramtop                     ramtop       000800
__size_of_Completo           (abs)        000000
__size_of_Ejecutandose       (abs)        000000
__size_of_Error              (abs)        000000
__size_of_INT_isr            (abs)        000000
__size_of_USART_Init         (abs)        000000
__size_of_USART_Rx           (abs)        000000
__size_of_USART_Tx           (abs)        000000
__size_of___aldiv            (abs)        000000
__size_of___wmul             (abs)        000000
__size_of_clearOneShot       (abs)        000000
__size_of_comandos           (abs)        000000
__size_of_contador_pulsosD   (abs)        000000
__size_of_coordinateRefreshX (abs)        000000
__size_of_coordinateRefreshY (abs)        000000
__size_of_emergencyButton    (abs)        000000
__size_of_gpioInit           (abs)        000000
__size_of_interruptionsInit  (abs)        000000
__size_of_main               (abs)        000000
__size_of_oneShot            (abs)        000000
__size_of_pwm_init           (abs)        000000
__size_of_strlen             (abs)        000000
__size_of_xLimit             (abs)        000000
__size_of_yLimit             (abs)        000000
__size_ofi2_USART_Tx         (abs)        000000
__size_ofi2_strlen           (abs)        000000
__smallconst                 smallconst   000000
_check                       dataBANK0    000060
_clearOneShot                text11       001060
_cnt                         bssCOMRAM    00003D
_comandos                    text4        000012
_contador_pulsosD            text9        000B3C
_coordinateRefreshX          text8        0009BA
_coordinateRefreshY          text7        0008D4
_emergency                   dataBANK1    000100
_emergencyButton             text22       000D24
_emergencySwitch             bssCOMRAM    00003F
_gpioInit                    text3        000F6E
_interruptionsInit           text2        001086
_keepgoing                   bssCOMRAM    000041
_main                        text0        0007D4
_msdown                      dataCOMRAM   000030
_msgcomp                     dataBANK0    0000B5
_msgeje                      dataBANK0    000077
_msgwrong                    dataBANK0    0000A1
_msleft                      dataBANK0    00008D
_msright                     dataBANK0    0000C8
_msup                        dataCOMRAM   000022
_nvalorx                     bssCOMRAM    000049
_nvalory                     bssCOMRAM    000047
_oneShot                     text10       000FE0
_ons                         bssCOMRAM    00004B
_pwm_init                    text1        000FBC
_strlen                      text16       000F02
_x                           bssCOMRAM    000045
_xLimit                      text6        000EBC
_xl                          dataBANK0    0000EB
_y                           bssCOMRAM    000043
_yLimit                      text5        000E76
_yl                          dataBANK0    0000DA
btemp                        temp         00004C
comandos@comando             cstackCOMRAM 00001B
contador_pulsosD@pulsoD      cstackCOMRAM 000012
coordinateRefreshX@i         cstackCOMRAM 000017
coordinateRefreshX@j         cstackCOMRAM 000019
coordinateRefreshX@newX      cstackCOMRAM 000015
coordinateRefreshY@i         cstackCOMRAM 000017
coordinateRefreshY@j         cstackCOMRAM 000019
coordinateRefreshY@newY      cstackCOMRAM 000015
emergencyButton@i            cstackCOMRAM 000005
end_of_initialization        cinit        000CAA
i2USART_Tx@data              cstackCOMRAM 000001
i2_USART_Tx                  text24       00104A
i2_strlen                    text23       000F38
i2strlen@a                   cstackCOMRAM 000003
i2strlen@s                   cstackCOMRAM 000001
int$flags                    temp         00004C
int_func                     intcode_body 000BBE
intlevel0                    text         000000
intlevel1                    text         000000
intlevel2                    text         000000
intlevel3                    text         000000
main@contador                cstackBANK1  000124
main@i                       cstackBANK1  000122
main@instruccion             cstackBANK1  00011A
stackhi                      (abs)        0007FF
stacklo                      (abs)        000125
start                        init         00000E
start_initialization         cinit        000C3E
strlen@a                     cstackCOMRAM 00000E
strlen@s                     cstackCOMRAM 00000C
ttemp5                       temp         00004D
ttemp6                       temp         000050
ttemp7                       temp         000054
wtemp8                       temp         00004D
xLimit@i                     cstackCOMRAM 000010
yLimit@i                     cstackCOMRAM 000010


FUNCTION INFORMATION:

 *************** function _main *****************
 Defined at:
		line 35 in file "MAINSPARC.c"
 Parameters:    Size  Location     Type
		None
 Auto vars:     Size  Location     Type
  i               2    8[BANK1 ] int 
  contador        1   10[BANK1 ] unsigned char 
  instruccion     8    0[BANK1 ] unsigned char [8]
 Return value:  Size  Location     Type
                  1    wreg      void 
 Registers used:
		wreg, fsr2l, fsr2h, status,2, status,0, prodl, prodh, cstack
 Tracked objects:
		On entry : 
		On exit  : 
		Unchanged: 
 Data sizes:     COMRAM   BANK0   BANK1   BANK2   BANK3   BANK4   BANK5   BANK6   BANK7
      Params:         0       0       0       0       0       0       0       0       0
      Locals:         0       0      11       0       0       0       0       0       0
      Temps:          0       0       0       0       0       0       0       0       0
      Totals:         0       0      11       0       0       0       0       0       0
Total ram usage:       11 bytes
 Hardware stack levels required when called:    7
 This function calls:
		_Completo
		_USART_Init
		_USART_Rx
		_USART_Tx
		_comandos
		_gpioInit
		_interruptionsInit
		_pwm_init
		_xLimit
		_yLimit
 This function is called by:
		Startup code after reset
 This function uses a non-reentrant model


 *************** function _pwm_init *****************
 Defined at:
		line 23 in file "pwm.c"
 Parameters:    Size  Location     Type
		None
 Auto vars:     Size  Location     Type
		None
 Return value:  Size  Location     Type
                  1    wreg      void 
 Registers used:
		wreg, status,2
 Tracked objects:
		On entry : 
		On exit  : 
		Unchanged: 
 Data sizes:     COMRAM   BANK0   BANK1   BANK2   BANK3   BANK4   BANK5   BANK6   BANK7
      Params:         0       0       0       0       0       0       0       0       0
      Locals:         0       0       0       0       0       0       0       0       0
      Temps:          0       0       0       0       0       0       0       0       0
      Totals:         0       0       0       0       0       0       0       0       0
Total ram usage:        0 bytes
 Hardware stack levels used:    1
 Hardware stack levels required when called:    3
 This function calls:
		Nothing
 This function is called by:
		_main
 This function uses a non-reentrant model


 *************** function _interruptionsInit *****************
 Defined at:
		line 10 in file "Interruptions.c"
 Parameters:    Size  Location     Type
		None
 Auto vars:     Size  Location     Type
		None
 Return value:  Size  Location     Type
                  1    wreg      void 
 Registers used:
		None
 Tracked objects:
		On entry : 
		On exit  : 
		Unchanged: 
 Data sizes:     COMRAM   BANK0   BANK1   BANK2   BANK3   BANK4   BANK5   BANK6   BANK7
      Params:         0       0       0       0       0       0       0       0       0
      Locals:         0       0       0       0       0       0       0       0       0
      Temps:          0       0       0       0       0       0       0       0       0
      Totals:         0       0       0       0       0       0       0       0       0
Total ram usage:        0 bytes
 Hardware stack levels used:    1
 Hardware stack levels required when called:    3
 This function calls:
		Nothing
 This function is called by:
		_main
 This function uses a non-reentrant model


 *************** function _gpioInit *****************
 Defined at:
		line 2 in file "GPIO.c"
 Parameters:    Size  Location     Type
		None
 Auto vars:     Size  Location     Type
		None
 Return value:  Size  Location     Type
                  1    wreg      void 
 Registers used:
		wreg, status,2
 Tracked objects:
		On entry : 
		On exit  : 
		Unchanged: 
 Data sizes:     COMRAM   BANK0   BANK1   BANK2   BANK3   BANK4   BANK5   BANK6   BANK7
      Params:         0       0       0       0       0       0       0       0       0
      Locals:         0       0       0       0       0       0       0       0       0
      Temps:          0       0       0       0       0       0       0       0       0
      Totals:         0       0       0       0       0       0       0       0       0
Total ram usage:        0 bytes
 Hardware stack levels used:    1
 Hardware stack levels required when called:    3
 This function calls:
		Nothing
 This function is called by:
		_main
 This function uses a non-reentrant model


 *************** function _comandos *****************
 Defined at:
		line 106 in file "Comandos.c"
 Parameters:    Size  Location     Type
  comando         2   26[COMRAM] PTR unsigned char 
		 -> main@instruccion(8), 
 Auto vars:     Size  Location     Type
		None
 Return value:  Size  Location     Type
                  2   26[COMRAM] int 
 Registers used:
		wreg, fsr2l, fsr2h, status,2, status,0, prodl, prodh, cstack
 Tracked objects:
		On entry : 
		On exit  : 
		Unchanged: 
 Data sizes:     COMRAM   BANK0   BANK1   BANK2   BANK3   BANK4   BANK5   BANK6   BANK7
      Params:         2       0       0       0       0       0       0       0       0
      Locals:         0       0       0       0       0       0       0       0       0
      Temps:          5       0       0       0       0       0       0       0       0
      Totals:         7       0       0       0       0       0       0       0       0
Total ram usage:        7 bytes
 Hardware stack levels used:    1
 Hardware stack levels required when called:    6
 This function calls:
		_Completo
		_Ejecutandose
		_Error
		_coordinateRefreshX
		_coordinateRefreshY
		_xLimit
		_yLimit
 This function is called by:
		_main
 This function uses a non-reentrant model


 *************** function _yLimit *****************
 Defined at:
		line 17 in file "Comandos.c"
 Parameters:    Size  Location     Type
		None
 Auto vars:     Size  Location     Type
  i               2   15[COMRAM] int 
 Return value:  Size  Location     Type
                  1    wreg      void 
 Registers used:
		wreg, fsr2l, fsr2h, status,2, status,0, cstack
 Tracked objects:
		On entry : 
		On exit  : 
		Unchanged: 
 Data sizes:     COMRAM   BANK0   BANK1   BANK2   BANK3   BANK4   BANK5   BANK6   BANK7
      Params:         0       0       0       0       0       0       0       0       0
      Locals:         2       0       0       0       0       0       0       0       0
      Temps:          0       0       0       0       0       0       0       0       0
      Totals:         2       0       0       0       0       0       0       0       0
Total ram usage:        2 bytes
 Hardware stack levels used:    1
 Hardware stack levels required when called:    4
 This function calls:
		_USART_Tx
		_strlen
 This function is called by:
		_comandos
		_main
 This function uses a non-reentrant model


 *************** function _xLimit *****************
 Defined at:
		line 10 in file "Comandos.c"
 Parameters:    Size  Location     Type
		None
 Auto vars:     Size  Location     Type
  i               2   15[COMRAM] int 
 Return value:  Size  Location     Type
                  1    wreg      void 
 Registers used:
		wreg, fsr2l, fsr2h, status,2, status,0, cstack
 Tracked objects:
		On entry : 
		On exit  : 
		Unchanged: 
 Data sizes:     COMRAM   BANK0   BANK1   BANK2   BANK3   BANK4   BANK5   BANK6   BANK7
      Params:         0       0       0       0       0       0       0       0       0
      Locals:         2       0       0       0       0       0       0       0       0
      Temps:          0       0       0       0       0       0       0       0       0
      Totals:         2       0       0       0       0       0       0       0       0
Total ram usage:        2 bytes
 Hardware stack levels used:    1
 Hardware stack levels required when called:    4
 This function calls:
		_USART_Tx
		_strlen
 This function is called by:
		_comandos
		_main
 This function uses a non-reentrant model


 *************** function _coordinateRefreshY *****************
 Defined at:
		line 81 in file "Comandos.c"
 Parameters:    Size  Location     Type
  newY            2   20[COMRAM] int 
 Auto vars:     Size  Location     Type
  j               2   24[COMRAM] int 
  i               2   22[COMRAM] int 
 Return value:  Size  Location     Type
                  1    wreg      void 
 Registers used:
		wreg, fsr2l, fsr2h, status,2, status,0, prodl, prodh, cstack
 Tracked objects:
		On entry : 
		On exit  : 
		Unchanged: 
 Data sizes:     COMRAM   BANK0   BANK1   BANK2   BANK3   BANK4   BANK5   BANK6   BANK7
      Params:         2       0       0       0       0       0       0       0       0
      Locals:         4       0       0       0       0       0       0       0       0
      Temps:          0       0       0       0       0       0       0       0       0
      Totals:         6       0       0       0       0       0       0       0       0
Total ram usage:        6 bytes
 Hardware stack levels used:    1
 Hardware stack levels required when called:    5
 This function calls:
		_USART_Tx
		_contador_pulsosD
		_strlen
 This function is called by:
		_comandos
 This function uses a non-reentrant model


 *************** function _coordinateRefreshX *****************
 Defined at:
		line 53 in file "Comandos.c"
 Parameters:    Size  Location     Type
  newX            2   20[COMRAM] int 
 Auto vars:     Size  Location     Type
  j               2   24[COMRAM] int 
  i               2   22[COMRAM] int 
 Return value:  Size  Location     Type
                  1    wreg      void 
 Registers used:
		wreg, fsr2l, fsr2h, status,2, status,0, prodl, prodh, cstack
 Tracked objects:
		On entry : 
		On exit  : 
		Unchanged: 
 Data sizes:     COMRAM   BANK0   BANK1   BANK2   BANK3   BANK4   BANK5   BANK6   BANK7
      Params:         2       0       0       0       0       0       0       0       0
      Locals:         4       0       0       0       0       0       0       0       0
      Temps:          0       0       0       0       0       0       0       0       0
      Totals:         6       0       0       0       0       0       0       0       0
Total ram usage:        6 bytes
 Hardware stack levels used:    1
 Hardware stack levels required when called:    5
 This function calls:
		_USART_Tx
		_contador_pulsosD
		_strlen
 This function is called by:
		_comandos
 This function uses a non-reentrant model


 *************** function _contador_pulsosD *****************
 Defined at:
		line 38 in file "pwm.c"
 Parameters:    Size  Location     Type
  pulsoD          2   17[COMRAM] int 
 Auto vars:     Size  Location     Type
		None
 Return value:  Size  Location     Type
                  1    wreg      void 
 Registers used:
		wreg, status,2, status,0, prodl, prodh, cstack
 Tracked objects:
		On entry : 
		On exit  : 
		Unchanged: 
 Data sizes:     COMRAM   BANK0   BANK1   BANK2   BANK3   BANK4   BANK5   BANK6   BANK7
      Params:         2       0       0       0       0       0       0       0       0
      Locals:         0       0       0       0       0       0       0       0       0
      Temps:          1       0       0       0       0       0       0       0       0
      Totals:         3       0       0       0       0       0       0       0       0
Total ram usage:        3 bytes
 Hardware stack levels used:    1
 Hardware stack levels required when called:    4
 This function calls:
		___wmul
		_clearOneShot
		_oneShot
 This function is called by:
		_coordinateRefreshX
		_coordinateRefreshY
 This function uses a non-reentrant model


 *************** function _oneShot *****************
 Defined at:
		line 58 in file "pwm.c"
 Parameters:    Size  Location     Type
		None
 Auto vars:     Size  Location     Type
		None
 Return value:  Size  Location     Type
                  1    wreg      void 
 Registers used:
		wreg, status,2, status,0
 Tracked objects:
		On entry : 
		On exit  : 
		Unchanged: 
 Data sizes:     COMRAM   BANK0   BANK1   BANK2   BANK3   BANK4   BANK5   BANK6   BANK7
      Params:         0       0       0       0       0       0       0       0       0
      Locals:         0       0       0       0       0       0       0       0       0
      Temps:          0       0       0       0       0       0       0       0       0
      Totals:         0       0       0       0       0       0       0       0       0
Total ram usage:        0 bytes
 Hardware stack levels used:    1
 Hardware stack levels required when called:    3
 This function calls:
		Nothing
 This function is called by:
		_contador_pulsosD
 This function uses a non-reentrant model


 *************** function _clearOneShot *****************
 Defined at:
		line 65 in file "pwm.c"
 Parameters:    Size  Location     Type
		None
 Auto vars:     Size  Location     Type
		None
 Return value:  Size  Location     Type
                  1    wreg      void 
 Registers used:
		wreg, status,2
 Tracked objects:
		On entry : 
		On exit  : 
		Unchanged: 
 Data sizes:     COMRAM   BANK0   BANK1   BANK2   BANK3   BANK4   BANK5   BANK6   BANK7
      Params:         0       0       0       0       0       0       0       0       0
      Locals:         0       0       0       0       0       0       0       0       0
      Temps:          0       0       0       0       0       0       0       0       0
      Totals:         0       0       0       0       0       0       0       0       0
Total ram usage:        0 bytes
 Hardware stack levels used:    1
 Hardware stack levels required when called:    3
 This function calls:
		Nothing
 This function is called by:
		_contador_pulsosD
 This function uses a non-reentrant model


 *************** function ___wmul *****************
 Defined at:
		line 15 in file "C:\Program Files (x86)\Microchip\xc8\v2.10\pic\sources\c99\common\Umul16.c"
 Parameters:    Size  Location     Type
  multiplier      2   11[COMRAM] unsigned int 
  multiplicand    2   13[COMRAM] unsigned int 
 Auto vars:     Size  Location     Type
  product         2   15[COMRAM] unsigned int 
 Return value:  Size  Location     Type
                  2   11[COMRAM] unsigned int 
 Registers used:
		wreg, status,2, status,0, prodl, prodh
 Tracked objects:
		On entry : 
		On exit  : 
		Unchanged: 
 Data sizes:     COMRAM   BANK0   BANK1   BANK2   BANK3   BANK4   BANK5   BANK6   BANK7
      Params:         4       0       0       0       0       0       0       0       0
      Locals:         2       0       0       0       0       0       0       0       0
      Temps:          0       0       0       0       0       0       0       0       0
      Totals:         6       0       0       0       0       0       0       0       0
Total ram usage:        6 bytes
 Hardware stack levels used:    1
 Hardware stack levels required when called:    3
 This function calls:
		Nothing
 This function is called by:
		_contador_pulsosD
 This function uses a non-reentrant model


 *************** function _Error *****************
 Defined at:
		line 23 in file "Comandos.c"
 Parameters:    Size  Location     Type
		None
 Auto vars:     Size  Location     Type
  i               2   15[COMRAM] int 
 Return value:  Size  Location     Type
                  1    wreg      void 
 Registers used:
		wreg, fsr2l, fsr2h, status,2, status,0, cstack
 Tracked objects:
		On entry : 
		On exit  : 
		Unchanged: 
 Data sizes:     COMRAM   BANK0   BANK1   BANK2   BANK3   BANK4   BANK5   BANK6   BANK7
      Params:         0       0       0       0       0       0       0       0       0
      Locals:         2       0       0       0       0       0       0       0       0
      Temps:          0       0       0       0       0       0       0       0       0
      Totals:         2       0       0       0       0       0       0       0       0
Total ram usage:        2 bytes
 Hardware stack levels used:    1
 Hardware stack levels required when called:    4
 This function calls:
		_USART_Tx
		_strlen
 This function is called by:
		_comandos
 This function uses a non-reentrant model


 *************** function _Ejecutandose *****************
 Defined at:
		line 33 in file "Comandos.c"
 Parameters:    Size  Location     Type
		None
 Auto vars:     Size  Location     Type
  i               2   15[COMRAM] int 
 Return value:  Size  Location     Type
                  1    wreg      void 
 Registers used:
		wreg, fsr2l, fsr2h, status,2, status,0, cstack
 Tracked objects:
		On entry : 
		On exit  : 
		Unchanged: 
 Data sizes:     COMRAM   BANK0   BANK1   BANK2   BANK3   BANK4   BANK5   BANK6   BANK7
      Params:         0       0       0       0       0       0       0       0       0
      Locals:         2       0       0       0       0       0       0       0       0
      Temps:          0       0       0       0       0       0       0       0       0
      Totals:         2       0       0       0       0       0       0       0       0
Total ram usage:        2 bytes
 Hardware stack levels used:    1
 Hardware stack levels required when called:    4
 This function calls:
		_USART_Tx
		_strlen
 This function is called by:
		_comandos
 This function uses a non-reentrant model


 *************** function _Completo *****************
 Defined at:
		line 43 in file "Comandos.c"
 Parameters:    Size  Location     Type
		None
 Auto vars:     Size  Location     Type
  i               2   15[COMRAM] int 
 Return value:  Size  Location     Type
                  1    wreg      void 
 Registers used:
		wreg, fsr2l, fsr2h, status,2, status,0, cstack
 Tracked objects:
		On entry : 
		On exit  : 
		Unchanged: 
 Data sizes:     COMRAM   BANK0   BANK1   BANK2   BANK3   BANK4   BANK5   BANK6   BANK7
      Params:         0       0       0       0       0       0       0       0       0
      Locals:         2       0       0       0       0       0       0       0       0
      Temps:          0       0       0       0       0       0       0       0       0
      Totals:         2       0       0       0       0       0       0       0       0
Total ram usage:        2 bytes
 Hardware stack levels used:    1
 Hardware stack levels required when called:    4
 This function calls:
		_USART_Tx
		_strlen
 This function is called by:
		_comandos
		_main
 This function uses a non-reentrant model


 *************** function _strlen *****************
 Defined at:
		line 5 in file "C:\Program Files (x86)\Microchip\xc8\v2.10\pic\sources\c99\common\strlen.c"
 Parameters:    Size  Location     Type
  s               2   11[COMRAM] PTR const unsigned char 
		 -> emergency(26), check(23), msup(14), msdown(13), 
		 -> msright(18), msleft(20), msgcomp(19), msgeje(22), 
		 -> msgwrong(20), yl(17), xl(17), 
 Auto vars:     Size  Location     Type
  a               2   13[COMRAM] PTR const unsigned char 
		 -> emergency(26), check(23), msup(14), msdown(13), 
		 -> msright(18), msleft(20), msgcomp(19), msgeje(22), 
		 -> msgwrong(20), yl(17), xl(17), 
 Return value:  Size  Location     Type
                  2   11[COMRAM] unsigned int 
 Registers used:
		wreg, fsr2l, fsr2h, status,2, status,0
 Tracked objects:
		On entry : 
		On exit  : 
		Unchanged: 
 Data sizes:     COMRAM   BANK0   BANK1   BANK2   BANK3   BANK4   BANK5   BANK6   BANK7
      Params:         2       0       0       0       0       0       0       0       0
      Locals:         2       0       0       0       0       0       0       0       0
      Temps:          0       0       0       0       0       0       0       0       0
      Totals:         4       0       0       0       0       0       0       0       0
Total ram usage:        4 bytes
 Hardware stack levels used:    1
 Hardware stack levels required when called:    3
 This function calls:
		Nothing
 This function is called by:
		_xLimit
		_yLimit
		_Error
		_Ejecutandose
		_Completo
		_coordinateRefreshX
		_coordinateRefreshY
 This function uses a non-reentrant model


 *************** function _USART_Tx *****************
 Defined at:
		line 27 in file "USART.c"
 Parameters:    Size  Location     Type
  data            1    wreg     unsigned char 
 Auto vars:     Size  Location     Type
  data            1   11[COMRAM] unsigned char 
 Return value:  Size  Location     Type
                  1    wreg      void 
 Registers used:
		wreg
 Tracked objects:
		On entry : 
		On exit  : 
		Unchanged: 
 Data sizes:     COMRAM   BANK0   BANK1   BANK2   BANK3   BANK4   BANK5   BANK6   BANK7
      Params:         0       0       0       0       0       0       0       0       0
      Locals:         1       0       0       0       0       0       0       0       0
      Temps:          0       0       0       0       0       0       0       0       0
      Totals:         1       0       0       0       0       0       0       0       0
Total ram usage:        1 bytes
 Hardware stack levels used:    1
 Hardware stack levels required when called:    3
 This function calls:
		Nothing
 This function is called by:
		_xLimit
		_yLimit
		_Error
		_Ejecutandose
		_Completo
		_coordinateRefreshX
		_coordinateRefreshY
		_main
 This function uses a non-reentrant model


 *************** function _USART_Rx *****************
 Defined at:
		line 32 in file "USART.c"
 Parameters:    Size  Location     Type
		None
 Auto vars:     Size  Location     Type
		None
 Return value:  Size  Location     Type
                  1    wreg      unsigned char 
 Registers used:
		wreg, status,2
 Tracked objects:
		On entry : 
		On exit  : 
		Unchanged: 
 Data sizes:     COMRAM   BANK0   BANK1   BANK2   BANK3   BANK4   BANK5   BANK6   BANK7
      Params:         0       0       0       0       0       0       0       0       0
      Locals:         0       0       0       0       0       0       0       0       0
      Temps:          0       0       0       0       0       0       0       0       0
      Totals:         0       0       0       0       0       0       0       0       0
Total ram usage:        0 bytes
 Hardware stack levels used:    1
 Hardware stack levels required when called:    3
 This function calls:
		Nothing
 This function is called by:
		_main
 This function uses a non-reentrant model


 *************** function _USART_Init *****************
 Defined at:
		line 6 in file "USART.c"
 Parameters:    Size  Location     Type
  BAUD            4   25[COMRAM] long 
 Auto vars:     Size  Location     Type
		None
 Return value:  Size  Location     Type
                  1    wreg      void 
 Registers used:
		wreg, status,2, status,0, cstack
 Tracked objects:
		On entry : 
		On exit  : 
		Unchanged: 
 Data sizes:     COMRAM   BANK0   BANK1   BANK2   BANK3   BANK4   BANK5   BANK6   BANK7
      Params:         4       0       0       0       0       0       0       0       0
      Locals:         4       0       0       0       0       0       0       0       0
      Temps:          0       0       0       0       0       0       0       0       0
      Totals:         8       0       0       0       0       0       0       0       0
Total ram usage:        8 bytes
 Hardware stack levels used:    1
 Hardware stack levels required when called:    4
 This function calls:
		___aldiv
 This function is called by:
		_main
 This function uses a non-reentrant model


 *************** function ___aldiv *****************
 Defined at:
		line 7 in file "C:\Program Files (x86)\Microchip\xc8\v2.10\pic\sources\c99\common\aldiv.c"
 Parameters:    Size  Location     Type
  dividend        4   11[COMRAM] long 
  divisor         4   15[COMRAM] long 
 Auto vars:     Size  Location     Type
  quotient        4   21[COMRAM] long 
  sign            1   20[COMRAM] unsigned char 
  counter         1   19[COMRAM] unsigned char 
 Return value:  Size  Location     Type
                  4   11[COMRAM] long 
 Registers used:
		wreg, status,2, status,0
 Tracked objects:
		On entry : 
		On exit  : 
		Unchanged: 
 Data sizes:     COMRAM   BANK0   BANK1   BANK2   BANK3   BANK4   BANK5   BANK6   BANK7
      Params:         8       0       0       0       0       0       0       0       0
      Locals:         6       0       0       0       0       0       0       0       0
      Temps:          0       0       0       0       0       0       0       0       0
      Totals:        14       0       0       0       0       0       0       0       0
Total ram usage:       14 bytes
 Hardware stack levels used:    1
 Hardware stack levels required when called:    3
 This function calls:
		Nothing
 This function is called by:
		_USART_Init
 This function uses a non-reentrant model


 *************** function _INT_isr *****************
 Defined at:
		line 21 in file "MAINSPARC.c"
 Parameters:    Size  Location     Type
		None
 Auto vars:     Size  Location     Type
  i               2    9[COMRAM] int 
 Return value:  Size  Location     Type
                  1    wreg      void 
 Registers used:
		wreg, fsr2l, fsr2h, status,2, status,0, cstack
 Tracked objects:
		On entry : 
		On exit  : 
		Unchanged: 
 Data sizes:     COMRAM   BANK0   BANK1   BANK2   BANK3   BANK4   BANK5   BANK6   BANK7
      Params:         0       0       0       0       0       0       0       0       0
      Locals:         2       0       0       0       0       0       0       0       0
      Temps:          3       0       0       0       0       0       0       0       0
      Totals:         5       0       0       0       0       0       0       0       0
Total ram usage:        5 bytes
 Hardware stack levels used:    1
 Hardware stack levels required when called:    2
 This function calls:
		_emergencyButton
		i2_USART_Tx
		i2_strlen
 This function is called by:
		Interrupt level 2
 This function uses a non-reentrant model


 *************** function _emergencyButton *****************
 Defined at:
		line 26 in file "Interruptions.c"
 Parameters:    Size  Location     Type
		None
 Auto vars:     Size  Location     Type
  i               2    4[COMRAM] int 
 Return value:  Size  Location     Type
                  1    wreg      void 
 Registers used:
		wreg, fsr2l, fsr2h, status,2, status,0, cstack
 Tracked objects:
		On entry : 
		On exit  : 
		Unchanged: 
 Data sizes:     COMRAM   BANK0   BANK1   BANK2   BANK3   BANK4   BANK5   BANK6   BANK7
      Params:         0       0       0       0       0       0       0       0       0
      Locals:         2       0       0       0       0       0       0       0       0
      Temps:          0       0       0       0       0       0       0       0       0
      Totals:         2       0       0       0       0       0       0       0       0
Total ram usage:        2 bytes
 Hardware stack levels used:    1
 Hardware stack levels required when called:    1
 This function calls:
		i2_USART_Tx
		i2_strlen
 This function is called by:
		_INT_isr
 This function uses a non-reentrant model


 *************** function i2_strlen *****************
 Defined at:
		line 5 in file "C:\Program Files (x86)\Microchip\xc8\v2.10\pic\sources\c99\common\strlen.c"
 Parameters:    Size  Location     Type
  s               2    0[COMRAM] PTR const unsigned char 
		 -> emergency(26), check(23), msup(14), msdown(13), 
		 -> msright(18), msleft(20), msgcomp(19), msgeje(22), 
		 -> msgwrong(20), yl(17), xl(17), 
 Auto vars:     Size  Location     Type
  strlen          2    2[COMRAM] PTR const unsigned char 
		 -> emergency(26), check(23), msup(14), msdown(13), 
		 -> msright(18), msleft(20), msgcomp(19), msgeje(22), 
		 -> msgwrong(20), yl(17), xl(17), 
 Return value:  Size  Location     Type
                  2    0[COMRAM] unsigned int 
 Registers used:
		wreg, fsr2l, fsr2h, status,2, status,0
 Tracked objects:
		On entry : 
		On exit  : 
		Unchanged: 
 Data sizes:     COMRAM   BANK0   BANK1   BANK2   BANK3   BANK4   BANK5   BANK6   BANK7
      Params:         2       0       0       0       0       0       0       0       0
      Locals:         2       0       0       0       0       0       0       0       0
      Temps:          0       0       0       0       0       0       0       0       0
      Totals:         4       0       0       0       0       0       0       0       0
Total ram usage:        4 bytes
 Hardware stack levels used:    1
 This function calls:
		Nothing
 This function is called by:
		_INT_isr
		_emergencyButton
 This function uses a non-reentrant model


 *************** function i2_USART_Tx *****************
 Defined at:
		line 27 in file "USART.c"
 Parameters:    Size  Location     Type
  data            1    wreg     unsigned char 
 Auto vars:     Size  Location     Type
  data            1    0[COMRAM] unsigned char 
 Return value:  Size  Location     Type
                  1    wreg      void 
 Registers used:
		wreg
 Tracked objects:
		On entry : 
		On exit  : 
		Unchanged: 
 Data sizes:     COMRAM   BANK0   BANK1   BANK2   BANK3   BANK4   BANK5   BANK6   BANK7
      Params:         0       0       0       0       0       0       0       0       0
      Locals:         1       0       0       0       0       0       0       0       0
      Temps:          0       0       0       0       0       0       0       0       0
      Totals:         1       0       0       0       0       0       0       0       0
Total ram usage:        1 bytes
 Hardware stack levels used:    1
 This function calls:
		Nothing
 This function is called by:
		_INT_isr
		_emergencyButton
 This function uses a non-reentrant model



MODULE INFORMATION

Module		Function		Class		Link	Load	Size
USART.c
		_USART_Rx      		CODE           	1074	0000	19
		_USART_Tx      		CODE           	1034	0000	23
		_USART_Init    		CODE           	0CB4	0000	113

USART.c estimated size: 155

Comandos.c
		_comandos      		CODE           	0012	0000	1719
		_coordinateRefreshX		CODE           	09BA	0000	231
		_coordinateRefreshY		CODE           	08D4	0000	231
		_Error         		CODE           	0D92	0000	77
		_Completo      		CODE           	0E2A	0000	77
		_Ejecutandose  		CODE           	0DDE	0000	77
		_xLimit        		CODE           	0EBC	0000	71
		_yLimit        		CODE           	0E76	0000	71

Comandos.c estimated size: 2554

Interruptions.c
		_emergencyButton		CODE           	0D24	0000	111
		_interruptionsInit		CODE           	1086	0000	17

Interruptions.c estimated size: 128

C:\Program Files (x86)\Microchip\xc8\v2.10\pic\sources\c99\common\strlen.c
		_strlen        		CODE           	0F02	0000	55

C:\Program Files (x86)\Microchip\xc8\v2.10\pic\sources\c99\common\strlen.c estimated size: 55

C:\Program Files (x86)\Microchip\xc8\v2.10\pic\sources\c99\common\aldiv.c
		___aldiv       		CODE           	06C8	0000	269

C:\Program Files (x86)\Microchip\xc8\v2.10\pic\sources\c99\common\aldiv.c estimated size: 269

pwm.c
		_contador_pulsosD		CODE           	0B3C	0000	131
		_clearOneShot  		CODE           	1060	0000	21
		_pwm_init      		CODE           	0FBC	0000	37
		_oneShot       		CODE           	0FE0	0000	31

pwm.c estimated size: 220

MAINSPARC.c
		_main          		CODE           	07D4	0000	257
		_INT_isr       		CODE           	0008	0000	135

MAINSPARC.c estimated size: 392

shared
		__initialization		CODE           	0C3E	0000	109
		i2_USART_Tx    		CODE           	104A	0000	23
		i2_strlen      		CODE           	0F38	0000	55

shared estimated size: 187

GPIO.c
		_gpioInit      		CODE           	0F6E	0000	41

GPIO.c estimated size: 41

C:\Program Files (x86)\Microchip\xc8\v2.10\pic\sources\c99\common\Umul16.c
		___wmul        		CODE           	0F96	0000	39

C:\Program Files (x86)\Microchip\xc8\v2.10\pic\sources\c99\common\Umul16.c estimated size: 39

